Archive member included because of file (symbol)

libbb/lib.a(appletlib.o)      /home/chris/work/bsp/lollipop-avn_ref_4330_dev/linux/platform/common/fs/buildroot/buildroot-2013.11/output/host/usr/arm-buildroot-linux-gnueabi/sysroot/usr/lib/crt1.o (main)
libbb/lib.a(concat_path_file.o)
                              libbb/lib.a(appletlib.o) (concat_path_file)
libbb/lib.a(default_error_retval.o)
                              libbb/lib.a(appletlib.o) (xfunc_error_retval)
libbb/lib.a(get_last_path_component.o)
                              libbb/lib.a(appletlib.o) (bb_basename)
libbb/lib.a(last_char_is.o)   libbb/lib.a(concat_path_file.o) (last_char_is)
libbb/lib.a(llist.o)          libbb/lib.a(appletlib.o) (llist_free)
libbb/lib.a(messages.o)       libbb/lib.a(appletlib.o) (bb_busybox_exec_path)
libbb/lib.a(perror_msg.o)     libbb/lib.a(appletlib.o) (bb_perror_msg_and_die)
libbb/lib.a(ptr_to_globals.o)
                              libbb/lib.a(appletlib.o) (bb_errno)
libbb/lib.a(skip_whitespace.o)
                              libbb/lib.a(appletlib.o) (skip_whitespace)
libbb/lib.a(verror_msg.o)     libbb/lib.a(perror_msg.o) (bb_verror_msg)
libbb/lib.a(wfopen.o)         libbb/lib.a(appletlib.o) (fopen_for_read)
libbb/lib.a(xfunc_die.o)      libbb/lib.a(appletlib.o) (xfunc_die)
libbb/lib.a(xfuncs.o)         libbb/lib.a(appletlib.o) (full_write2_str)
libbb/lib.a(xfuncs_printf.o)  libbb/lib.a(appletlib.o) (malloc_or_warn)
libbb/lib.a(xreadlink.o)      libbb/lib.a(appletlib.o) (xmalloc_readlink)
libbb/lib.a(copyfd.o)         libbb/lib.a(xfuncs_printf.o) (bb_copyfd_eof)
libbb/lib.a(full_write.o)     libbb/lib.a(verror_msg.o) (full_write)
libbb/lib.a(read.o)           libbb/lib.a(copyfd.o) (safe_read)
libbb/lib.a(safe_write.o)     libbb/lib.a(full_write.o) (safe_write)
libbb/lib.a(time.o)           libbb/lib.a(xfuncs_printf.o) (monotonic_us)
libbb/lib.a(bb_strtonum.o)    libbb/lib.a(time.o) (bb_strtol)
libpwdgrp/lib.a(pwd_grp.o)    libbb/lib.a(appletlib.o) (bb_internal_getgrgid)
libpwdgrp/lib.a(uidgid_get.o)
                              libbb/lib.a(appletlib.o) (get_uidgid)
loginutils/lib.a(addgroup.o)  libbb/lib.a(appletlib.o) (addgroup_main)
loginutils/lib.a(adduser.o)   libbb/lib.a(appletlib.o) (adduser_main)
loginutils/lib.a(chpasswd.o)  libbb/lib.a(appletlib.o) (chpasswd_main)
loginutils/lib.a(cryptpw.o)   libbb/lib.a(appletlib.o) (cryptpw_main)
loginutils/lib.a(deluser.o)   libbb/lib.a(appletlib.o) (deluser_main)
loginutils/lib.a(getty.o)     libbb/lib.a(appletlib.o) (getty_main)
loginutils/lib.a(login.o)     libbb/lib.a(appletlib.o) (login_main)
loginutils/lib.a(passwd.o)    libbb/lib.a(appletlib.o) (passwd_main)
loginutils/lib.a(su.o)        libbb/lib.a(appletlib.o) (su_main)
loginutils/lib.a(sulogin.o)   libbb/lib.a(appletlib.o) (sulogin_main)
loginutils/lib.a(vlock.o)     libbb/lib.a(appletlib.o) (vlock_main)
mailutils/lib.a(makemime.o)   libbb/lib.a(appletlib.o) (makemime_main)
mailutils/lib.a(popmaildir.o)
                              libbb/lib.a(appletlib.o) (popmaildir_main)
mailutils/lib.a(reformime.o)  libbb/lib.a(appletlib.o) (reformime_main)
mailutils/lib.a(sendmail.o)   libbb/lib.a(appletlib.o) (sendmail_main)
mailutils/lib.a(mail.o)       mailutils/lib.a(popmaildir.o) (launch_helper)
miscutils/lib.a(adjtimex.o)   libbb/lib.a(appletlib.o) (adjtimex_main)
miscutils/lib.a(chat.o)       libbb/lib.a(appletlib.o) (chat_main)
miscutils/lib.a(chrt.o)       libbb/lib.a(appletlib.o) (chrt_main)
miscutils/lib.a(crond.o)      libbb/lib.a(appletlib.o) (crond_main)
miscutils/lib.a(crontab.o)    libbb/lib.a(appletlib.o) (crontab_main)
miscutils/lib.a(dc.o)         libbb/lib.a(appletlib.o) (dc_main)
miscutils/lib.a(devmem.o)     libbb/lib.a(appletlib.o) (devmem_main)
miscutils/lib.a(eject.o)      libbb/lib.a(appletlib.o) (eject_main)
miscutils/lib.a(fbsplash.o)   libbb/lib.a(appletlib.o) (fbsplash_main)
miscutils/lib.a(hdparm.o)     libbb/lib.a(appletlib.o) (hdparm_main)
miscutils/lib.a(ionice.o)     libbb/lib.a(appletlib.o) (ionice_main)
miscutils/lib.a(last_fancy.o)
                              libbb/lib.a(appletlib.o) (last_main)
miscutils/lib.a(less.o)       libbb/lib.a(appletlib.o) (less_main)
miscutils/lib.a(makedevs.o)   libbb/lib.a(appletlib.o) (makedevs_main)
miscutils/lib.a(man.o)        libbb/lib.a(appletlib.o) (man_main)
miscutils/lib.a(microcom.o)   libbb/lib.a(appletlib.o) (microcom_main)
miscutils/lib.a(mountpoint.o)
                              libbb/lib.a(appletlib.o) (mountpoint_main)
miscutils/lib.a(mt.o)         libbb/lib.a(appletlib.o) (mt_main)
miscutils/lib.a(raidautorun.o)
                              libbb/lib.a(appletlib.o) (raidautorun_main)
miscutils/lib.a(readahead.o)  libbb/lib.a(appletlib.o) (readahead_main)
miscutils/lib.a(runlevel.o)   libbb/lib.a(appletlib.o) (runlevel_main)
miscutils/lib.a(rx.o)         libbb/lib.a(appletlib.o) (rx_main)
miscutils/lib.a(setserial.o)  libbb/lib.a(appletlib.o) (setserial_main)
[...]
Memory Configuration

Name             Origin             Length             Attributes
*default*        0x0000000000000000 0xffffffffffffffff

Linker script and memory map

LOAD /home/chris/work/bsp/lollipop-avn_ref_4330_dev/linux/platform/common/fs/buildroot/buildroot-2013.11/output/host/usr/arm-buildroot-linux-gnueabi/sysroot/usr/lib/crt1.o
LOAD /home/chris/work/bsp/lollipop-avn_ref_4330_dev/linux/platform/common/fs/buildroot/buildroot-2013.11/output/host/usr/arm-buildroot-linux-gnueabi/sysroot/usr/lib/crti.o
LOAD /opt/crosstools/arm-cortex_a9-eabi-4.7-eglibc-2.18/lib/gcc/arm-cortex_a9-linux-gnueabi/4.7.4/crtbegin.o
START GROUP
LOAD applets/built-in.o
LOAD archival/lib.a
LOAD archival/libarchive/lib.a
LOAD console-tools/lib.a
LOAD coreutils/lib.a
LOAD coreutils/libcoreutils/lib.a
LOAD debianutils/lib.a
LOAD e2fsprogs/lib.a
LOAD editors/lib.a
LOAD findutils/lib.a
LOAD init/lib.a
LOAD libbb/lib.a
LOAD libpwdgrp/lib.a
LOAD loginutils/lib.a
LOAD mailutils/lib.a
LOAD miscutils/lib.a
LOAD modutils/lib.a
LOAD networking/lib.a
LOAD networking/libiproute/lib.a
LOAD networking/udhcp/lib.a
LOAD printutils/lib.a
LOAD procps/lib.a
LOAD runit/lib.a
LOAD selinux/lib.a
LOAD shell/lib.a
LOAD sysklogd/lib.a
LOAD util-linux/lib.a
LOAD util-linux/volume_id/lib.a
LOAD archival/built-in.o
LOAD archival/libarchive/built-in.o
LOAD console-tools/built-in.o
LOAD coreutils/built-in.o
LOAD coreutils/libcoreutils/built-in.o
LOAD debianutils/built-in.o
LOAD e2fsprogs/built-in.o
LOAD editors/built-in.o
LOAD findutils/built-in.o
LOAD init/built-in.o
LOAD libbb/built-in.o
LOAD libpwdgrp/built-in.o
LOAD loginutils/built-in.o
LOAD mailutils/built-in.o
LOAD miscutils/built-in.o
LOAD modutils/built-in.o
LOAD networking/built-in.o
LOAD networking/libiproute/built-in.o
LOAD networking/udhcp/built-in.o
LOAD printutils/built-in.o
LOAD procps/built-in.o
LOAD runit/built-in.o
LOAD selinux/built-in.o
LOAD shell/built-in.o
LOAD sysklogd/built-in.o
LOAD util-linux/built-in.o
LOAD util-linux/volume_id/built-in.o
END GROUP
START GROUP
LOAD /home/chris/work/bsp/lollipop-avn_ref_4330_dev/linux/platform/common/fs/buildroot/buildroot-2013.11/output/host/usr/arm-buildroot-linux-gnueabi/sysroot/usr/lib/libm.so
END GROUP
LOAD /opt/crosstools/arm-cortex_a9-eabi-4.7-eglibc-2.18/lib/gcc/arm-cortex_a9-linux-gnueabi/4.7.4/libgcc.a
LOAD /opt/crosstools/arm-cortex_a9-eabi-4.7-eglibc-2.18/lib/gcc/arm-cortex_a9-linux-gnueabi/4.7.4/libgcc_eh.a
LOAD /home/chris/work/bsp/lollipop-avn_ref_4330_dev/linux/platform/common/fs/buildroot/buildroot-2013.11/output/host/usr/arm-buildroot-linux-gnueabi/sysroot/usr/lib/libc.so
START GROUP
LOAD /home/chris/work/bsp/lollipop-avn_ref_4330_dev/linux/platform/common/fs/buildroot/buildroot-2013.11/output/host/usr/arm-buildroot-linux-gnueabi/sysroot/lib/libc.so.6
LOAD /home/chris/work/bsp/lollipop-avn_ref_4330_dev/linux/platform/common/fs/buildroot/buildroot-2013.11/output/host/usr/arm-buildroot-linux-gnueabi/sysroot/usr/lib/libc_nonshared.a
LOAD /home/chris/work/bsp/lollipop-avn_ref_4330_dev/linux/platform/common/fs/buildroot/buildroot-2013.11/output/host/usr/arm-buildroot-linux-gnueabi/sysroot/lib/ld-linux.so.3
END GROUP
LOAD /opt/crosstools/arm-cortex_a9-eabi-4.7-eglibc-2.18/lib/gcc/arm-cortex_a9-linux-gnueabi/4.7.4/libgcc.a
LOAD /opt/crosstools/arm-cortex_a9-eabi-4.7-eglibc-2.18/lib/gcc/arm-cortex_a9-linux-gnueabi/4.7.4/libgcc_eh.a
LOAD /opt/crosstools/arm-cortex_a9-eabi-4.7-eglibc-2.18/lib/gcc/arm-cortex_a9-linux-gnueabi/4.7.4/crtend.o
LOAD /home/chris/work/bsp/lollipop-avn_ref_4330_dev/linux/platform/common/fs/buildroot/buildroot-2013.11/output/host/usr/arm-buildroot-linux-gnueabi/sysroot/usr/lib/crtn.o
                0x0000000000008000                PROVIDE (__executable_start, 0x8000)
                0x0000000000008134                . = (0x8000 + SIZEOF_HEADERS)

.interp         0x0000000000008134       0x13
 *(SORT(.interp))
 .interp        0x0000000000008134       0x13 /home/chris/work/bsp/lollipop-avn_ref_4330_dev/linux/platform/common/fs/buildroot/buildroot-2013.11/output/host/usr/arm-buildroot-linux-gnueabi/sysroot/usr/lib/crt1.o

.note.ABI-tag   0x0000000000008148       0x20
 .note.ABI-tag  0x0000000000008148       0x20 /home/chris/work/bsp/lollipop-avn_ref_4330_dev/linux/platform/common/fs/buildroot/buildroot-2013.11/output/host/usr/arm-buildroot-linux-gnueabi/sysroot/usr/lib/crt1.o

.note.gnu.build-id
                0x0000000000008168       0x24
 *(SORT(.note.gnu.build-id))
 .note.gnu.build-id
                0x0000000000008168       0x24 linker stubs

.hash           0x000000000000818c      0xa64
 *(SORT(.hash))
 .hash          0x000000000000818c      0xa64 /home/chris/work/bsp/lollipop-avn_ref_4330_dev/linux/platform/common/fs/buildroot/buildroot-2013.11/output/host/usr/arm-buildroot-linux-gnueabi/sysroot/usr/lib/crt1.o

.gnu.hash
 *(SORT(.gnu.hash))

.dynsym         0x0000000000008bf0     0x1900
 *(SORT(.dynsym))
 .dynsym        0x0000000000008bf0     0x1900 /home/chris/work/bsp/lollipop-avn_ref_4330_dev/linux/platform/common/fs/buildroot/buildroot-2013.11/output/host/usr/arm-buildroot-linux-gnueabi/sysroot/usr/lib/crt1.o

.dynstr         0x000000000000a4f0      0xd71
 *(SORT(.dynstr))
 .dynstr        0x000000000000a4f0      0xd71 /home/chris/work/bsp/lollipop-avn_ref_4330_dev/linux/platform/common/fs/buildroot/buildroot-2013.11/output/host/usr/arm-buildroot-linux-gnueabi/sysroot/usr/lib/crt1.o

.gnu.version    0x000000000000b262      0x320
 *(SORT(.gnu.version))
 .gnu.version   0x000000000000b262      0x320 /home/chris/work/bsp/lollipop-avn_ref_4330_dev/linux/platform/common/fs/buildroot/buildroot-2013.11/output/host/usr/arm-buildroot-linux-gnueabi/sysroot/usr/lib/crt1.o

.gnu.version_d  0x000000000000b584        0x0
 *(SORT(.gnu.version_d))
 .gnu.version_d
                0x0000000000000000        0x0 /home/chris/work/bsp/lollipop-avn_ref_4330_dev/linux/platform/common/fs/buildroot/buildroot-2013.11/output/host/usr/arm-buildroot-linux-gnueabi/sysroot/usr/lib/crt1.o

.gnu.version_r  0x000000000000b584       0x40
 *(SORT(.gnu.version_r))
 .gnu.version_r
                0x000000000000b584       0x40 /home/chris/work/bsp/lollipop-avn_ref_4330_dev/linux/platform/common/fs/buildroot/buildroot-2013.11/output/host/usr/arm-buildroot-linux-gnueabi/sysroot/usr/lib/crt1.o

.rel.dyn        0x000000000000b5c4       0x60
 *(SORT(.rel.init))
 *(SORT(.rel.text) SORT(.rel.text.*) SORT(.rel.gnu.linkonce.t.*))
 *(SORT(.rel.fini))
 *(SORT(.rel.rodata) SORT(.rel.rodata.*) SORT(.rel.gnu.linkonce.r.*))
 *(SORT(.rel.data.rel.ro) SORT(.rel.data.rel.ro.*) SORT(.rel.gnu.linkonce.d.rel.ro.*))
 *(SORT(.rel.data) SORT(.rel.data.*) SORT(.rel.gnu.linkonce.d.*))
 *(SORT(.rel.tdata) SORT(.rel.tdata.*) SORT(.rel.gnu.linkonce.td.*))
 *(SORT(.rel.tbss) SORT(.rel.tbss.*) SORT(.rel.gnu.linkonce.tb.*))
 *(SORT(.rel.ctors))
 *(SORT(.rel.dtors))
 *(SORT(.rel.got))
 .rel.got       0x000000000000b5c4       0x18 /home/chris/work/bsp/lollipop-avn_ref_4330_dev/linux/platform/common/fs/buildroot/buildroot-2013.11/output/host/usr/arm-buildroot-linux-gnueabi/sysroot/usr/lib/crt1.o
 *(SORT(.rel.bss) SORT(.rel.bss.*) SORT(.rel.gnu.linkonce.b.*))
 .rel.bss       0x000000000000b5dc       0x48 /home/chris/work/bsp/lollipop-avn_ref_4330_dev/linux/platform/common/fs/buildroot/buildroot-2013.11/output/host/usr/arm-buildroot-linux-gnueabi/sysroot/usr/lib/crt1.o
                0x000000000000b624                PROVIDE (__rel_iplt_start, .)
 *(SORT(.rel.iplt))
 .rel.iplt      0x0000000000000000        0x0 /home/chris/work/bsp/lollipop-avn_ref_4330_dev/linux/platform/common/fs/buildroot/buildroot-2013.11/output/host/usr/arm-buildroot-linux-gnueabi/sysroot/usr/lib/crt1.o
                0x000000000000b624                PROVIDE (__rel_iplt_end, .)
                0x000000000000b624                PROVIDE (__rela_iplt_start, .)
                0x000000000000b624                PROVIDE (__rela_iplt_end, .)

.rela.dyn       0x000000000000b624        0x0
 *(SORT(.rela.init))
 *(SORT(.rela.text) SORT(.rela.text.*) SORT(.rela.gnu.linkonce.t.*))
 *(SORT(.rela.fini))
 *(SORT(.rela.rodata) SORT(.rela.rodata.*) SORT(.rela.gnu.linkonce.r.*))
 *(SORT(.rela.data) SORT(.rela.data.*) SORT(.rela.gnu.linkonce.d.*))
 *(SORT(.rela.tdata) SORT(.rela.tdata.*) SORT(.rela.gnu.linkonce.td.*))
 *(SORT(.rela.tbss) SORT(.rela.tbss.*) SORT(.rela.gnu.linkonce.tb.*))
 *(SORT(.rela.ctors))
 *(SORT(.rela.dtors))
 *(SORT(.rela.got))
 *(SORT(.rela.bss) SORT(.rela.bss.*) SORT(.rela.gnu.linkonce.b.*))
                0x000000000000b624                PROVIDE (__rel_iplt_start, .)
                0x000000000000b624                PROVIDE (__rel_iplt_end, .)
                0x000000000000b624                PROVIDE (__rela_iplt_start, .)
 *(SORT(.rela.iplt))
                0x000000000000b624                PROVIDE (__rela_iplt_end, .)

.rel.plt        0x000000000000b624      0xbf8
 *(SORT(.rel.plt))
 .rel.plt       0x000000000000b624      0xbf8 /home/chris/work/bsp/lollipop-avn_ref_4330_dev/linux/platform/common/fs/buildroot/buildroot-2013.11/output/host/usr/arm-buildroot-linux-gnueabi/sysroot/usr/lib/crt1.o

.rela.plt
 *(SORT(.rela.plt))

.init           0x000000000000c21c        0xc
 *(SORT(.init))
 .init          0x000000000000c21c        0x8 /home/chris/work/bsp/lollipop-avn_ref_4330_dev/linux/platform/common/fs/buildroot/buildroot-2013.11/output/host/usr/arm-buildroot-linux-gnueabi/sysroot/usr/lib/crti.o
                0x000000000000c21c                _init
 .init          0x000000000000c224        0x4 /home/chris/work/bsp/lollipop-avn_ref_4330_dev/linux/platform/common/fs/buildroot/buildroot-2013.11/output/host/usr/arm-buildroot-linux-gnueabi/sysroot/usr/lib/crtn.o

.plt            0x000000000000c228     0x1208
 *(SORT(.plt))
 .plt           0x000000000000c228     0x1208 /home/chris/work/bsp/lollipop-avn_ref_4330_dev/linux/platform/common/fs/buildroot/buildroot-2013.11/output/host/usr/arm-buildroot-linux-gnueabi/sysroot/usr/lib/crt1.o
                0x000000000000c23c                fdopen@@GLIBC_2.4
                0x000000000000c248                sched_get_priority_min@@GLIBC_2.4
                0x000000000000c254                clnt_sperror@@GLIBC_2.4
                0x000000000000c260                fputs_unlocked@@GLIBC_2.4
                0x000000000000c26c                strstr@@GLIBC_2.4
                0x000000000000c278                xdr_string@@GLIBC_2.4
                0x000000000000c284                gnu_dev_major@@GLIBC_2.4
                0x000000000000c290                ether_hostton@@GLIBC_2.4
                0x000000000000c29c                raise@@GLIBC_2.4
                0x000000000000c2a8                cfmakeraw@@GLIBC_2.4
                0x000000000000c2b4                vasprintf@@GLIBC_2.4
                0x000000000000c2c0                sendfile64@@GLIBC_2.4
                0x000000000000c2cc                bindresvport@@GLIBC_2.4
                0x000000000000c2d8                gmtime_r@@GLIBC_2.4
                0x000000000000c2e4                log@@GLIBC_2.4
                0x000000000000c2f0                strverscmp@@GLIBC_2.4
                0x000000000000c2fc                inet_aton@@GLIBC_2.4
                0x000000000000c308                fsync@@GLIBC_2.4
                0x000000000000c314                setbuf@@GLIBC_2.4
                0x000000000000c320                __res_init@@GLIBC_2.4
                0x000000000000c32c                strcasestr@@GLIBC_2.4
                0x000000000000c338                strcmp@@GLIBC_2.4
                0x000000000000c344                updwtmp@@GLIBC_2.4
                0x000000000000c350                strtol@@GLIBC_2.4
                0x000000000000c35c                setsockopt@@GLIBC_2.4
                0x000000000000c368                strcspn@@GLIBC_2.4
                0x000000000000c374                times@@GLIBC_2.4
                0x000000000000c380                gnu_dev_makedev@@GLIBC_2.4
                0x000000000000c38c                dprintf@@GLIBC_2.4
                0x000000000000c398                pause@@GLIBC_2.4
                0x000000000000c3a4                clearenv@@GLIBC_2.4
                0x000000000000c3b0                printf@@GLIBC_2.4
                0x000000000000c3bc                hstrerror@@GLIBC_2.4
                0x000000000000c3c8                gnu_dev_minor@@GLIBC_2.4
                0x000000000000c3d4                getusershell@@GLIBC_2.4
                0x000000000000c3e0                regerror@@GLIBC_2.4
                0x000000000000c3ec                setrlimit64@@GLIBC_2.4
                0x000000000000c3f8                read@@GLIBC_2.4
                0x000000000000c404                tcflush@@GLIBC_2.4
                0x000000000000c410                endutent@@GLIBC_2.4
                0x000000000000c41c                mktime@@GLIBC_2.4
                0x000000000000c428                longjmp@@GLIBC_2.4
                0x000000000000c434                fflush@@GLIBC_2.4
                0x000000000000c440                if_indextoname@@GLIBC_2.4
                0x000000000000c44c                getuid@@GLIBC_2.4
                0x000000000000c458                sigprocmask@@GLIBC_2.4
                0x000000000000c464                _setjmp@@GLIBC_2.4
                0x000000000000c470                memmove@@GLIBC_2.4
                0x000000000000c47c                pmap_getmaps@@GLIBC_2.4
                0x000000000000c488                strchrnul@@GLIBC_2.4
                0x000000000000c494                free@@GLIBC_2.4
                0x000000000000c4a0                pututline@@GLIBC_2.4
                0x000000000000c4ac                pmap_set@@GLIBC_2.4
                0x000000000000c4b8                nanosleep@@GLIBC_2.4
                0x000000000000c4c4                umount@@GLIBC_2.4
                0x000000000000c4d0                ferror@@GLIBC_2.4
                0x000000000000c4dc                inet_pton@@GLIBC_2.4
                0x000000000000c4e8                _exit@@GLIBC_2.4
                0x000000000000c4f4                __res_state@@GLIBC_2.4
                0x000000000000c500                memcpy@@GLIBC_2.4
                0x000000000000c50c                tcsendbreak@@GLIBC_2.4
                0x000000000000c518                pivot_root@@GLIBC_2.4
                0x000000000000c524                execvp@@GLIBC_2.4
                0x000000000000c530                execlp@@GLIBC_2.4
                0x000000000000c53c                mmap64@@GLIBC_2.4
                0x000000000000c548                shmget@@GLIBC_2.4
                0x000000000000c554                signal@@GLIBC_2.4
                0x000000000000c560                time@@GLIBC_2.4
                0x000000000000c56c                rmdir@@GLIBC_2.4
                0x000000000000c578                gethostid@@GLIBC_2.4
                0x000000000000c584                tcsetpgrp@@GLIBC_2.4
                0x000000000000c590                sendmsg@@GLIBC_2.4
                0x000000000000c59c                pow@@GLIBC_2.4
                0x000000000000c5a8                ftruncate64@@GLIBC_2.4
                0x000000000000c5b4                memcmp@@GLIBC_2.4
                0x000000000000c5c0                inet_ntoa@@GLIBC_2.4
                0x000000000000c5cc                select@@GLIBC_2.4
                0x000000000000c5d8                swapon@@GLIBC_2.4
                0x000000000000c5e4                sleep@@GLIBC_2.4
                0x000000000000c5f0                stpcpy@@GLIBC_2.4
                0x000000000000c5fc                getc_unlocked@@GLIBC_2.4
                0x000000000000c608                uname@@GLIBC_2.4
                0x000000000000c614                ctime@@GLIBC_2.4
                0x000000000000c620                gethostbyaddr@@GLIBC_2.4
                0x000000000000c62c                recvfrom@@GLIBC_2.4
                0x000000000000c638                strdup@@GLIBC_2.4
                0x000000000000c644                cfgetispeed@@GLIBC_2.4
                0x000000000000c650                alarm@@GLIBC_2.4
                0x000000000000c65c                xdr_u_int@@GLIBC_2.4
                0x000000000000c668                getrpcbyname@@GLIBC_2.4
                0x000000000000c674                msgctl@@GLIBC_2.4
                0x000000000000c680                sysconf@@GLIBC_2.4
                0x000000000000c68c                unlink@@GLIBC_2.4
                0x000000000000c698                dup2@@GLIBC_2.4
                0x000000000000c6a4                reboot@@GLIBC_2.4
                0x000000000000c6b0                getrlimit64@@GLIBC_2.4
                0x000000000000c6bc                realloc@@GLIBC_2.4
                0x000000000000c6c8                killpg@@GLIBC_2.4
                0x000000000000c6d4                strptime@@GLIBC_2.4
                0x000000000000c6e0                dup@@GLIBC_2.4
                0x000000000000c6ec                getpriority@@GLIBC_2.4
                0x000000000000c6f8                sigismember@@GLIBC_2.4
                0x000000000000c704                regexec@@GLIBC_2.4
                0x000000000000c710                localtime_r@@GLIBC_2.4
                0x000000000000c71c                wait@@GLIBC_2.4
                0x000000000000c728                getlogin_r@@GLIBC_2.4
                0x000000000000c734                shmat@@GLIBC_2.4
                0x000000000000c740                sigisemptyset@@GLIBC_2.4
                0x000000000000c74c                chdir@@GLIBC_2.4
                0x000000000000c758                strcasecmp@@GLIBC_2.4
                0x000000000000c764                getpgrp@@GLIBC_2.4
                0x000000000000c770                unlockpt@@GLIBC_2.4
                0x000000000000c77c                geteuid@@GLIBC_2.4
                0x000000000000c788                strsignal@@GLIBC_2.4
                0x000000000000c794                tzset@@GLIBC_2.4
                0x000000000000c7a0                poll@@GLIBC_2.4
                0x000000000000c7ac                accept@@GLIBC_2.4
                0x000000000000c7b8                setgroups@@GLIBC_2.4
                0x000000000000c7c4                cfsetospeed@@GLIBC_2.4
                0x000000000000c7d0                semop@@GLIBC_2.4
                0x000000000000c7dc                __fxstat64@@GLIBC_2.4
                0x000000000000c7e8                readlink@@GLIBC_2.4
                0x000000000000c7f4                getegid@@GLIBC_2.4
                0x000000000000c800                sigaction@@GLIBC_2.4
                0x000000000000c80c                fwrite@@GLIBC_2.4
                0x000000000000c818                strcat@@GLIBC_2.4
                0x000000000000c824                getsockopt@@GLIBC_2.4
                0x000000000000c830                ioctl@@GLIBC_2.4
                0x000000000000c83c                sched_getscheduler@@GLIBC_2.4
                0x000000000000c848                lseek64@@GLIBC_2.4
                0x000000000000c854                regfree@@GLIBC_2.4
                0x000000000000c860                strtoll@@GLIBC_2.4
                0x000000000000c86c                usleep@@GLIBC_2.4
                0x000000000000c878                readahead@@GLIBC_2.4
                0x000000000000c884                waitpid@@GLIBC_2.4
                0x000000000000c890                clnt_spcreateerror@@GLIBC_2.4
                0x000000000000c89c                hasmntopt@@GLIBC_2.4
                0x000000000000c8a8                tcsetattr@@GLIBC_2.4
                0x000000000000c8b4                munlock@@GLIBC_2.4
                0x000000000000c8c0                strcpy@@GLIBC_2.4
                0x000000000000c8cc                chroot@@GLIBC_2.4
                0x000000000000c8d8                gettimeofday@@GLIBC_2.4
                0x000000000000c8e4                fread@@GLIBC_2.4
                0x000000000000c8f0                pread64@@GLIBC_2.4
                0x000000000000c8fc                sched_yield@@GLIBC_2.4
                0x000000000000c908                ptsname_r@@GLIBC_2.4
                0x000000000000c914                shmctl@@GLIBC_2.4
                0x000000000000c920                creat64@@GLIBC_2.4
                0x000000000000c92c                xdr_array@@GLIBC_2.4
                0x000000000000c938                strtok_r@@GLIBC_2.4
                0x000000000000c944                daemon@@GLIBC_2.4
                0x000000000000c950                getmntent@@GLIBC_2.4
                0x000000000000c95c                opendir@@GLIBC_2.4
                0x000000000000c968                umount2@@GLIBC_2.4
                0x000000000000c974                xdr_enum@@GLIBC_2.4
                0x000000000000c980                fnmatch@@GLIBC_2.4
                0x000000000000c98c                open64@@GLIBC_2.4
                0x000000000000c998                sched_get_priority_max@@GLIBC_2.4
                0x000000000000c9a4                strcoll@@GLIBC_2.4
                0x000000000000c9b0                getenv@@GLIBC_2.4
                0x000000000000c9bc                setpriority@@GLIBC_2.4
                0x000000000000c9c8                mkstemp64@@GLIBC_2.4
                0x000000000000c9d4                __gnu_Unwind_Find_exidx@@GLIBC_2.4
                0x000000000000c9e0                puts@@GLIBC_2.4
                0x000000000000c9ec                setgid@@GLIBC_2.4
                0x000000000000c9f8                sysinfo@@GLIBC_2.4
                0x000000000000ca04                malloc@@GLIBC_2.4
                0x000000000000ca1c                settimeofday@@GLIBC_2.4
                0x000000000000ca28                sigaddset@@GLIBC_2.4
                0x000000000000ca34                __libc_start_main@@GLIBC_2.4
                0x000000000000ca40                strerror@@GLIBC_2.4
                0x000000000000ca4c                system@@GLIBC_2.4
                0x000000000000ca58                strftime@@GLIBC_2.4
                0x000000000000ca64                tcdrain@@GLIBC_2.4
                0x000000000000ca70                __h_errno_location@@GLIBC_2.4
                0x000000000000ca7c                adjtimex@@GLIBC_2.4
                0x000000000000ca88                localtime@@GLIBC_2.4
                0x000000000000ca94                strsep@@GLIBC_2.4
                0x000000000000caa0                mktemp@@GLIBC_2.4
                0x000000000000caac                scanf@@GLIBC_2.4
                0x000000000000cab8                closelog@@GLIBC_2.4
                0x000000000000cac4                sethostname@@GLIBC_2.4
                0x000000000000cad0                dirname@@GLIBC_2.4
                0x000000000000cae8                freopen64@@GLIBC_2.4
                0x000000000000caf4                mempcpy@@GLIBC_2.4
                0x000000000000cb00                rename@@GLIBC_2.4
                0x000000000000cb0c                getopt_long@@GLIBC_2.4
                0x000000000000cb18                kill@@GLIBC_2.4
                0x000000000000cb24                getcwd@@GLIBC_2.4
                0x000000000000cb30                getpid@@GLIBC_2.4
                0x000000000000cb3c                exit@@GLIBC_2.4
                0x000000000000cb48                syscall@@GLIBC_2.4
                0x000000000000cb54                sin@@GLIBC_2.4
                0x000000000000cb60                feof@@GLIBC_2.4
                0x000000000000cb6c                flock@@GLIBC_2.4
                0x000000000000cb84                pmap_getport@@GLIBC_2.4
                0x000000000000cb90                strtoul@@GLIBC_2.4
                0x000000000000cb9c                tcgetpgrp@@GLIBC_2.4
                0x000000000000cba8                strlen@@GLIBC_2.4
                0x000000000000cbb4                getchar_unlocked@@GLIBC_2.4
                0x000000000000cbc0                setsid@@GLIBC_2.4
                0x000000000000cbcc                vprintf@@GLIBC_2.4
                0x000000000000cbd8                setpgrp@@GLIBC_2.4
                0x000000000000cbe4                sched_getparam@@GLIBC_2.4
                0x000000000000cbf0                strchr@@GLIBC_2.4
                0x000000000000cbfc                srand@@GLIBC_2.4
                0x000000000000cc08                setenv@@GLIBC_2.4
                0x000000000000cc14                personality@@GLIBC_2.4
                0x000000000000cc20                memrchr@@GLIBC_2.4
                0x000000000000cc2c                ttyname_r@@GLIBC_2.4
                0x000000000000cc38                fchown@@GLIBC_2.4
                0x000000000000cc44                execve@@GLIBC_2.4
                0x000000000000cc50                nice@@GLIBC_2.4
                0x000000000000cc5c                getopt@@GLIBC_2.4
                0x000000000000cc68                fprintf@@GLIBC_2.4
                0x000000000000cc74                getpagesize@@GLIBC_2.4
                0x000000000000cc80                cfsetispeed@@GLIBC_2.4
                0x000000000000cc8c                chown@@GLIBC_2.4
                0x000000000000cc98                ungetc@@GLIBC_2.4
                0x000000000000cca4                fcntl@@GLIBC_2.4
                0x000000000000ccb0                setlinebuf@@GLIBC_2.4
                0x000000000000ccbc                grantpt@@GLIBC_2.4
                0x000000000000ccc8                execv@@GLIBC_2.4
                0x000000000000ccd4                sqrt@@GLIBC_2.4
                0x000000000000cce0                cfgetospeed@@GLIBC_2.4
                0x000000000000ccec                sigfillset@@GLIBC_2.4
                0x000000000000ccf8                __errno_location@@GLIBC_2.4
                0x000000000000cd04                strncasecmp@@GLIBC_2.4
                0x000000000000cd10                getservbyname@@GLIBC_2.4
                0x000000000000cd1c                klogctl@@GLIBC_2.4
                0x000000000000cd28                snprintf@@GLIBC_2.4
                0x000000000000cd34                __cxa_atexit@@GLIBC_2.4
                0x000000000000cd40                mkdir@@GLIBC_2.4
                0x000000000000cd4c                semget@@GLIBC_2.4
                0x000000000000cd58                bind@@GLIBC_2.4
                0x000000000000cd64                setvbuf@@GLIBC_2.4
                0x000000000000cd70                getservbyport@@GLIBC_2.4
                0x000000000000cd7c                getgid@@GLIBC_2.4
                0x000000000000cd88                memset@@GLIBC_2.4
                0x000000000000cd94                getmntent_r@@GLIBC_2.4
                0x000000000000cda0                bsearch@@GLIBC_2.4
                0x000000000000cdac                sigtimedwait@@GLIBC_2.4
                0x000000000000cdb8                utimes@@GLIBC_2.4
                0x000000000000cdc4                putchar@@GLIBC_2.4
                0x000000000000cdd0                strncpy@@GLIBC_2.4
                0x000000000000cddc                fscanf@@GLIBC_2.4
                0x000000000000cde8                mallopt@@GLIBC_2.4
                0x000000000000cdf4                setutent@@GLIBC_2.4
                0x000000000000ce00                sigsuspend@@GLIBC_2.4
                0x000000000000ce0c                strtoull@@GLIBC_2.4
                0x000000000000ce18                getutent@@GLIBC_2.4
                0x000000000000ce24                gmtime@@GLIBC_2.4
                0x000000000000ce30                wait3@@GLIBC_2.4
                0x000000000000ce3c                strtod@@GLIBC_2.4
                0x000000000000ce48                link@@GLIBC_2.4
                0x000000000000ce54                write@@GLIBC_2.4
                0x000000000000ce60                sigdelset@@GLIBC_2.4
                0x000000000000ce6c                fileno@@GLIBC_2.4
                0x000000000000ce78                mlock@@GLIBC_2.4
                0x000000000000ce84                asprintf@@GLIBC_2.4
                0x000000000000ce90                getopt_long_only@@GLIBC_2.4
                0x000000000000ce9c                ether_aton_r@@GLIBC_2.4
                0x000000000000cea8                shmdt@@GLIBC_2.4
                0x000000000000ceb4                vfork@@GLIBC_2.4
                0x000000000000cec0                memchr@@GLIBC_2.4
                0x000000000000cecc                vsprintf@@GLIBC_2.4
                0x000000000000ced8                clntudp_create@@GLIBC_2.4
                0x000000000000cee4                access@@GLIBC_2.4
                0x000000000000cef0                rand@@GLIBC_2.4
                0x000000000000cefc                fclose@@GLIBC_2.4
                0x000000000000cf08                getsid@@GLIBC_2.4
                0x000000000000cf14                strnlen@@GLIBC_2.4
                0x000000000000cf20                pipe@@GLIBC_2.4
                0x000000000000cf2c                pmap_unset@@GLIBC_2.4
                0x000000000000cf38                fseeko64@@GLIBC_2.4
                0x000000000000cf44                endmntent@@GLIBC_2.4
                0x000000000000cf50                ether_ntoa@@GLIBC_2.4
                0x000000000000cf5c                strtok@@GLIBC_2.4
                0x000000000000cf68                glob64@@GLIBC_2.4
                0x000000000000cf74                semctl@@GLIBC_2.4
                0x000000000000cf80                sendto@@GLIBC_2.4
                0x000000000000cf8c                shutdown@@GLIBC_2.4
                0x000000000000cf98                setlocale@@GLIBC_2.4
                0x000000000000cfa4                sigemptyset@@GLIBC_2.4
                0x000000000000cfb0                popen@@GLIBC_2.4
                0x000000000000cfbc                fork@@GLIBC_2.4
                0x000000000000cfc8                execle@@GLIBC_2.4
                0x000000000000cfd4                authunix_create_default@@GLIBC_2.4
                0x000000000000cfe0                putenv@@GLIBC_2.4
                0x000000000000cfec                stime@@GLIBC_2.4
                0x000000000000cff8                getnameinfo@@GLIBC_2.4
                0x000000000000d004                execl@@GLIBC_2.4
                0x000000000000d010                strrchr@@GLIBC_2.4
                0x000000000000d01c                listen@@GLIBC_2.4
                0x000000000000d028                vfprintf@@GLIBC_2.4
                0x000000000000d034                xdr_opaque@@GLIBC_2.4
                0x000000000000d040                statfs64@@GLIBC_2.4
                0x000000000000d04c                __sigsetjmp@@GLIBC_2.4
                0x000000000000d058                lchown@@GLIBC_2.4
                0x000000000000d064                malloc_trim@@GLIBC_2.4
                0x000000000000d070                fputc@@GLIBC_2.4
                0x000000000000d07c                globfree64@@GLIBC_2.4
                0x000000000000d088                syslog@@GLIBC_2.4
                0x000000000000d094                setresuid@@GLIBC_2.4
                0x000000000000d0a0                symlink@@GLIBC_2.4
                0x000000000000d0ac                setuid@@GLIBC_2.4
                0x000000000000d0b8                sscanf@@GLIBC_2.4
                0x000000000000d0c4                setpgid@@GLIBC_2.4
                0x000000000000d0d0                clearerr@@GLIBC_2.4
                0x000000000000d0dc                sprintf@@GLIBC_2.4
                0x000000000000d0e8                readdir64@@GLIBC_2.4
                0x000000000000d0f4                mkdtemp@@GLIBC_2.4
                0x000000000000d100                openlog@@GLIBC_2.4
                0x000000000000d10c                regcomp@@GLIBC_2.4
                0x000000000000d118                getgroups@@GLIBC_2.4
                0x000000000000d124                exp@@GLIBC_2.4
                0x000000000000d130                getsockname@@GLIBC_2.4
                0x000000000000d13c                xdr_int@@GLIBC_2.4
                0x000000000000d148                vsnprintf@@GLIBC_2.4
                0x000000000000d154                getppid@@GLIBC_2.4
                0x000000000000d160                atoi@@GLIBC_2.4
                0x000000000000d16c                recvmsg@@GLIBC_2.4
                0x000000000000d178                fchdir@@GLIBC_2.4
                0x000000000000d184                fopen64@@GLIBC_2.4
                0x000000000000d190                qsort@@GLIBC_2.4
                0x000000000000d19c                utmpname@@GLIBC_2.4
                0x000000000000d1a8                getpeername@@GLIBC_2.4
                0x000000000000d1b4                strpbrk@@GLIBC_2.4
                0x000000000000d1c0                msgget@@GLIBC_2.4
                0x000000000000d1cc                freeaddrinfo@@GLIBC_2.4
                0x000000000000d1d8                getaddrinfo@@GLIBC_2.4
                0x000000000000d1e4                acct@@GLIBC_2.4
                0x000000000000d1f0                inet_ntop@@GLIBC_2.4
                0x000000000000d1fc                fgets_unlocked@@GLIBC_2.4
                0x000000000000d208                socket@@GLIBC_2.4
                0x000000000000d214                setmntent@@GLIBC_2.4
                0x000000000000d220                cfsetspeed@@GLIBC_2.4
                0x000000000000d22c                atof@@GLIBC_2.4
                0x000000000000d238                inet_addr@@GLIBC_2.4
                0x000000000000d244                __cmsg_nxthdr@@GLIBC_2.4
                0x000000000000d250                sync@@GLIBC_2.4
                0x000000000000d25c                getline@@GLIBC_2.4
                0x000000000000d268                if_nametoindex@@GLIBC_2.4
                0x000000000000d274                umask@@GLIBC_2.4
                0x000000000000d280                swapoff@@GLIBC_2.4
                0x000000000000d28c                chmod@@GLIBC_2.4
                0x000000000000d298                gethostbyname@@GLIBC_2.4
                0x000000000000d2a4                fseek@@GLIBC_2.4
                0x000000000000d2b0                __xstat64@@GLIBC_2.4
                0x000000000000d2bc                isatty@@GLIBC_2.4
                0x000000000000d2c8                __xmknod@@GLIBC_2.4
                0x000000000000d2d4                unsetenv@@GLIBC_2.4
                0x000000000000d2e0                xdr_bytes@@GLIBC_2.4
                0x000000000000d2ec                fputs@@GLIBC_2.4
                0x000000000000d2f8                strncmp@@GLIBC_2.4
                0x000000000000d304                abort@@GLIBC_2.4
                0x000000000000d310                recv@@GLIBC_2.4
                0x000000000000d31c                realpath@@GLIBC_2.4
                0x000000000000d328                siglongjmp@@GLIBC_2.4
                0x000000000000d334                close@@GLIBC_2.4
                0x000000000000d340                __lxstat64@@GLIBC_2.4
                0x000000000000d34c                setresgid@@GLIBC_2.4
                0x000000000000d358                mkfifo@@GLIBC_2.4
                0x000000000000d364                send@@GLIBC_2.4
                0x000000000000d370                connect@@GLIBC_2.4
                0x000000000000d37c                closedir@@GLIBC_2.4
                0x000000000000d388                div@@GLIBC_2.4
                0x000000000000d394                atan2@@GLIBC_2.4
                0x000000000000d3a0                clnttcp_create@@GLIBC_2.4
                0x000000000000d3ac                sched_setscheduler@@GLIBC_2.4
                0x000000000000d3b8                putchar_unlocked@@GLIBC_2.4
                0x000000000000d3c4                strspn@@GLIBC_2.4
                0x000000000000d3d0                fchmod@@GLIBC_2.4
                0x000000000000d3dc                cos@@GLIBC_2.4
                0x000000000000d3e8                tcgetattr@@GLIBC_2.4
                0x000000000000d3f4                putc_unlocked@@GLIBC_2.4
                0x000000000000d400                tcgetsid@@GLIBC_2.4
                0x000000000000d40c                ftello64@@GLIBC_2.4
                0x000000000000d418                pclose@@GLIBC_2.4
                0x000000000000d424                mount@@GLIBC_2.4

.iplt           0x000000000000d430        0x0
 *(SORT(.iplt))
 .iplt          0x0000000000000000        0x0 /home/chris/work/bsp/lollipop-avn_ref_4330_dev/linux/platform/common/fs/buildroot/buildroot-2013.11/output/host/usr/arm-buildroot-linux-gnueabi/sysroot/usr/lib/crt1.o

.text           0x000000000000d430    0xb185c
 *(SORT(.text.unlikely) SORT(.text.*_unlikely))
 *(SORT(.text.exit) SORT(.text.exit.*))
 *(SORT(.text.startup) SORT(.text.startup.*))
 *(SORT(.text.hot) SORT(.text.hot.*))
 *(SORT(.text) SORT(.stub) SORT(.text.*) SORT(.gnu.linkonce.t.*))
 .text.brctl_main
                0x000000000000d430      0x508 networking/lib.a(brctl.o)
                0x000000000000d430                brctl_main
 .text.percent_value
                0x000000000000d938       0x70 procps/lib.a(iostat.o)
 .text.percent_value
                0x000000000000d9a8       0x70 procps/lib.a(mpstat.o)
 .text.powertop_main
                0x000000000000da18      0x648 procps/lib.a(powertop.o)
                0x000000000000da18                powertop_main
 .text.showmode
                0x000000000000e060      0x1a0 util-linux/lib.a(fbset.o)
 .text.sleep_main
                0x000000000000e200      0x198 coreutils/lib.a(sleep.o)
                0x000000000000e200                sleep_main
 .text.evaluate
                0x000000000000e398      0xe70 editors/lib.a(awk.o)
 .text.awk_main
                0x000000000000f208      0x498 editors/lib.a(awk.o)
                0x000000000000f208                awk_main
 .text.bootchartd_main
                0x000000000000f6a0      0x550 init/lib.a(bootchartd.o)
                0x000000000000f6a0                bootchartd_main
 .text          0x000000000000fbf0       0x58 /opt/crosstools/arm-cortex_a9-eabi-4.7-eglibc-2.18/lib/gcc/arm-cortex_a9-linux-gnueabi/4.7.4/libgcc.a(_fixunsdfdi.o)
                0x000000000000fbf0                __aeabi_d2ulz
                0x000000000000fbf0                __fixunsdfdi
 .text          0x000000000000fc48       0x3c /home/chris/work/bsp/lollipop-avn_ref_4330_dev/linux/platform/common/fs/buildroot/buildroot-2013.11/output/host/usr/arm-buildroot-linux-gnueabi/sysroot/usr/lib/crt1.o
                0x000000000000fc48                _start
 .text          0x000000000000fc84       0x24 /home/chris/work/bsp/lollipop-avn_ref_4330_dev/linux/platform/common/fs/buildroot/buildroot-2013.11/output/host/usr/arm-buildroot-linux-gnueabi/sysroot/usr/lib/crti.o
 .text          0x000000000000fca8       0xd4 /opt/crosstools/arm-cortex_a9-eabi-4.7-eglibc-2.18/lib/gcc/arm-cortex_a9-linux-gnueabi/4.7.4/crtbegin.o
 .text.get_trimmed_slice
                0x000000000000fd7c       0x40 libbb/lib.a(appletlib.o)
 .text.applet_name_compare
                0x000000000000fdbc       0x24 libbb/lib.a(appletlib.o)
 .text.find_applet_by_name
                0x000000000000fde0       0x28 libbb/lib.a(appletlib.o)
                0x000000000000fde0                find_applet_by_name
 .text.parse_config_file
                0x000000000000fe08      0x320 libbb/lib.a(appletlib.o)
 .text.bb_show_usage
                0x0000000000010128       0xf4 libbb/lib.a(appletlib.o)
                0x0000000000010128                bb_show_usage
 .text.lbb_prepare
                0x000000000001021c       0x44 libbb/lib.a(appletlib.o)
                0x000000000001021c                lbb_prepare
 .text.run_applet_no_and_exit
                0x0000000000010260      0x23c libbb/lib.a(appletlib.o)
                0x0000000000010260                run_applet_no_and_exit
 .text.run_applet_and_exit
                0x000000000001049c      0x388 libbb/lib.a(appletlib.o)
                0x000000000001049c                run_applet_and_exit
 .text.main     0x0000000000010824       0x80 libbb/lib.a(appletlib.o)
                0x0000000000010824                main
 .text.concat_path_file
                0x00000000000108a4       0x68 libbb/lib.a(concat_path_file.o)
                0x00000000000108a4                concat_path_file
 .text.bb_basename
                0x000000000001090c       0x20 libbb/lib.a(get_last_path_component.o)
                0x000000000001090c                bb_basename
 .text.bb_get_last_path_component_nostrip
                0x000000000001092c       0x3c libbb/lib.a(get_last_path_component.o)
                0x000000000001092c                bb_get_last_path_component_nostrip
 .text.bb_get_last_path_component_strip
                0x0000000000010968       0x48 libbb/lib.a(get_last_path_component.o)
                0x0000000000010968                bb_get_last_path_component_strip
 .text.last_char_is
                0x00000000000109b0       0x40 libbb/lib.a(last_char_is.o)
                0x00000000000109b0                last_char_is
 .text.llist_add_to
                0x00000000000109f0       0x28 libbb/lib.a(llist.o)
                0x00000000000109f0                llist_add_to
 .text.llist_add_to_end
                0x0000000000010a18       0x34 libbb/lib.a(llist.o)
                0x0000000000010a18                llist_add_to_end
 .text.llist_pop
                0x0000000000010a4c       0x30 libbb/lib.a(llist.o)
                0x0000000000010a4c                llist_pop
 .text.llist_unlink
                0x0000000000010a7c       0x34 libbb/lib.a(llist.o)
                0x0000000000010a7c                llist_unlink
 .text.llist_free
                0x0000000000010ab0       0x38 libbb/lib.a(llist.o)
                0x0000000000010ab0                llist_free
 .text.llist_rev
                0x0000000000010ae8       0x28 libbb/lib.a(llist.o)
                0x0000000000010ae8                llist_rev
 .text.llist_find_str
                0x0000000000010b10       0x38 libbb/lib.a(llist.o)
                0x0000000000010b10                llist_find_str
 .text.bb_perror_msg
                0x0000000000010b48       0x48 libbb/lib.a(perror_msg.o)
                0x0000000000010b48                bb_perror_msg
 .text.bb_perror_msg_and_die
                0x0000000000010b90       0x40 libbb/lib.a(perror_msg.o)
                0x0000000000010b90                bb_perror_msg_and_die
 .text.bb_simple_perror_msg
                0x0000000000010bd0       0x10 libbb/lib.a(perror_msg.o)
                0x0000000000010bd0                bb_simple_perror_msg
 .text.bb_simple_perror_msg_and_die
                0x0000000000010be0       0x14 libbb/lib.a(perror_msg.o)
                0x0000000000010be0                bb_simple_perror_msg_and_die
 .text.skip_whitespace
                0x0000000000010bf4       0x20 libbb/lib.a(skip_whitespace.o)
                0x0000000000010bf4                skip_whitespace
 .text.skip_non_whitespace
                0x0000000000010c14       0x24 libbb/lib.a(skip_whitespace.o)
                0x0000000000010c14                skip_non_whitespace
 .text.skip_dev_pfx
                0x0000000000010c38       0x28 libbb/lib.a(skip_whitespace.o)
                0x0000000000010c38                skip_dev_pfx
 .text.bb_verror_msg
                0x0000000000010c60      0x1c8 libbb/lib.a(verror_msg.o)
                0x0000000000010c60                bb_verror_msg
 .text.bb_error_msg_and_die
                0x0000000000010e28       0x20 libbb/lib.a(verror_msg.o)
                0x0000000000010e28                bb_error_msg_and_die
 .text.bb_error_msg
                0x0000000000010e48       0x28 libbb/lib.a(verror_msg.o)
                0x0000000000010e48                bb_error_msg
 .text.xfdopen_helper
                0x0000000000010e70       0x38 libbb/lib.a(wfopen.o)
 .text.fopen_or_warn
                0x0000000000010ea8       0x24 libbb/lib.a(wfopen.o)
                0x0000000000010ea8                fopen_or_warn
 .text.fopen_for_read
                0x0000000000010ecc        0xc libbb/lib.a(wfopen.o)
                0x0000000000010ecc                fopen_for_read
 .text.xfopen_for_read
                0x0000000000010ed8        0xc libbb/lib.a(wfopen.o)
                0x0000000000010ed8                xfopen_for_read
 .text.fopen_for_write
                0x0000000000010ee4        0xc libbb/lib.a(wfopen.o)
                0x0000000000010ee4                fopen_for_write
 .text.xfopen_for_write
                0x0000000000010ef0        0xc libbb/lib.a(wfopen.o)
                0x0000000000010ef0                xfopen_for_write
 .text.xfdopen_for_read
                0x0000000000010efc        0x8 libbb/lib.a(wfopen.o)
                0x0000000000010efc                xfdopen_for_read
 .text.xfdopen_for_write
                0x0000000000010f04        0xc libbb/lib.a(wfopen.o)
                0x0000000000010f04                xfdopen_for_write
 .text.xfunc_die
                0x0000000000010f10       0x50 libbb/lib.a(xfunc_die.o)
                0x0000000000010f10                xfunc_die
 .text.wh_helper
                0x0000000000010f60       0x4c libbb/lib.a(xfuncs.o)
 .text.ndelay_on
                0x0000000000010fac       0x30 libbb/lib.a(xfuncs.o)
                0x0000000000010fac                ndelay_on
 .text.ndelay_off
                0x0000000000010fdc       0x30 libbb/lib.a(xfuncs.o)
                0x0000000000010fdc                ndelay_off
 .text.close_on_exec_on
                0x000000000001100c        0xc libbb/lib.a(xfuncs.o)
                0x000000000001100c                close_on_exec_on
 .text.strncpy_IFNAMSIZ
                0x0000000000011018        0x8 libbb/lib.a(xfuncs.o)
                0x0000000000011018                strncpy_IFNAMSIZ
 .text.utoa_to_buf
                0x0000000000011020       0x90 libbb/lib.a(xfuncs.o)
                0x0000000000011020                utoa_to_buf
 .text.itoa_to_buf
                0x00000000000110b0       0x28 libbb/lib.a(xfuncs.o)
                0x00000000000110b0                itoa_to_buf
 .text.utoa     0x00000000000110d8       0x28 libbb/lib.a(xfuncs.o)
                0x00000000000110d8                utoa
 .text.itoa     0x0000000000011100       0x28 libbb/lib.a(xfuncs.o)
                0x0000000000011100                itoa
 .text.bin2hex  0x0000000000011128       0x44 libbb/lib.a(xfuncs.o)
                0x0000000000011128                bin2hex
 .text.hex2bin  0x000000000001116c       0xec libbb/lib.a(xfuncs.o)
                0x000000000001116c                hex2bin
 .text.bb_putchar_stderr
                0x0000000000011258       0x1c libbb/lib.a(xfuncs.o)
                0x0000000000011258                bb_putchar_stderr
 .text.full_write1_str
                0x0000000000011274       0x20 libbb/lib.a(xfuncs.o)
                0x0000000000011274                full_write1_str
 .text.full_write2_str
                0x0000000000011294       0x20 libbb/lib.a(xfuncs.o)
                0x0000000000011294                full_write2_str
 .text.get_terminal_width_height
                0x00000000000112b4       0x9c libbb/lib.a(xfuncs.o)
                0x00000000000112b4                get_terminal_width_height
 .text.tcsetattr_stdin_TCSANOW
                0x0000000000011350       0x10 libbb/lib.a(xfuncs.o)
                0x0000000000011350                tcsetattr_stdin_TCSANOW
 .text.safe_waitpid
                0x0000000000011360       0x44 libbb/lib.a(xfuncs.o)
                0x0000000000011360                safe_waitpid
 .text.wait_any_nohang
                0x00000000000113a4       0x10 libbb/lib.a(xfuncs.o)
                0x00000000000113a4                wait_any_nohang
 .text.wait4pid
                0x00000000000113b4       0x50 libbb/lib.a(xfuncs.o)
                0x00000000000113b4                wait4pid
 .text.malloc_or_warn
                0x0000000000011404       0x3c libbb/lib.a(xfuncs_printf.o)
                0x0000000000011404                malloc_or_warn
 .text.xmalloc  0x0000000000011440       0x30 libbb/lib.a(xfuncs_printf.o)
                0x0000000000011440                xmalloc
 .text.xrealloc
                0x0000000000011470       0x30 libbb/lib.a(xfuncs_printf.o)
                0x0000000000011470                xrealloc
 .text.xzalloc  0x00000000000114a0       0x24 libbb/lib.a(xfuncs_printf.o)
                0x00000000000114a0                xzalloc
 .text.xstrdup  0x00000000000114c4       0x2c libbb/lib.a(xfuncs_printf.o)
                0x00000000000114c4                xstrdup
 .text.xstrndup
                0x00000000000114f0       0x50 libbb/lib.a(xfuncs_printf.o)
                0x00000000000114f0                xstrndup
 .text.xfopen   0x0000000000011540       0x24 libbb/lib.a(xfuncs_printf.o)
                0x0000000000011540                xfopen
 .text.xopen3   0x0000000000011564       0x24 libbb/lib.a(xfuncs_printf.o)
                0x0000000000011564                xopen3
 .text.xopen    0x0000000000011588        0x8 libbb/lib.a(xfuncs_printf.o)
                0x0000000000011588                xopen
 .text.xopen_nonblocking
                0x0000000000011590        0x8 libbb/lib.a(xfuncs_printf.o)
                0x0000000000011590                xopen_nonblocking
 .text.open3_or_warn
                0x0000000000011598       0x2c libbb/lib.a(xfuncs_printf.o)
                0x0000000000011598                open3_or_warn
 .text.open_or_warn
                0x00000000000115c4        0x8 libbb/lib.a(xfuncs_printf.o)
                0x00000000000115c4                open_or_warn
 .text.xunlink  0x00000000000115cc       0x24 libbb/lib.a(xfuncs_printf.o)
                0x00000000000115cc                xunlink
 .text.xrename  0x00000000000115f0       0x2c libbb/lib.a(xfuncs_printf.o)
                0x00000000000115f0                xrename
 .text.rename_or_warn
                0x000000000001161c       0x34 libbb/lib.a(xfuncs_printf.o)
                0x000000000001161c                rename_or_warn
 .text.xpipe    0x0000000000011650       0x1c libbb/lib.a(xfuncs_printf.o)
                0x0000000000011650                xpipe
 .text.xdup2    0x000000000001166c       0x20 libbb/lib.a(xfuncs_printf.o)
                0x000000000001166c                xdup2
 .text.xmove_fd
                0x000000000001168c       0x20 libbb/lib.a(xfuncs_printf.o)
                0x000000000001168c                xmove_fd
 .text.xwrite   0x00000000000116ac       0x24 libbb/lib.a(xfuncs_printf.o)
                0x00000000000116ac                xwrite
 .text.xwrite_str
                0x00000000000116d0       0x28 libbb/lib.a(xfuncs_printf.o)
                0x00000000000116d0                xwrite_str
 .text.xclose   0x00000000000116f8       0x1c libbb/lib.a(xfuncs_printf.o)
                0x00000000000116f8                xclose
 .text.xlseek   0x0000000000011714       0x58 libbb/lib.a(xfuncs_printf.o)
                0x0000000000011714                xlseek
 .text.xmkstemp
                0x000000000001176c       0x24 libbb/lib.a(xfuncs_printf.o)
                0x000000000001176c                xmkstemp
 .text.die_if_ferror
                0x0000000000011790       0x24 libbb/lib.a(xfuncs_printf.o)
                0x0000000000011790                die_if_ferror
 .text.die_if_ferror_stdout
                0x00000000000117b4       0x18 libbb/lib.a(xfuncs_printf.o)
                0x00000000000117b4                die_if_ferror_stdout
 .text.fflush_all
                0x00000000000117cc        0x8 libbb/lib.a(xfuncs_printf.o)
                0x00000000000117cc                fflush_all
 .text.bb_putchar
                0x00000000000117d4        0x4 libbb/lib.a(xfuncs_printf.o)
                0x00000000000117d4                bb_putchar
 .text.xprint_and_close_file
                0x00000000000117d8       0x40 libbb/lib.a(xfuncs_printf.o)
                0x00000000000117d8                xprint_and_close_file
 .text.xasprintf
                0x0000000000011818       0x40 libbb/lib.a(xfuncs_printf.o)
                0x0000000000011818                xasprintf
 .text.xsetenv  0x0000000000011858       0x20 libbb/lib.a(xfuncs_printf.o)
                0x0000000000011858                xsetenv
 .text.bb_unsetenv
                0x0000000000011878       0x40 libbb/lib.a(xfuncs_printf.o)
                0x0000000000011878                bb_unsetenv
 .text.bb_unsetenv_and_free
                0x00000000000118b8       0x18 libbb/lib.a(xfuncs_printf.o)
                0x00000000000118b8                bb_unsetenv_and_free
 .text.xsetgid  0x00000000000118d0       0x1c libbb/lib.a(xfuncs_printf.o)
                0x00000000000118d0                xsetgid
 .text.xsetuid  0x00000000000118ec       0x1c libbb/lib.a(xfuncs_printf.o)
                0x00000000000118ec                xsetuid
 .text.xchdir   0x0000000000011908       0x24 libbb/lib.a(xfuncs_printf.o)
                0x0000000000011908                xchdir
 .text.xchroot  0x000000000001192c       0x34 libbb/lib.a(xfuncs_printf.o)
                0x000000000001192c                xchroot
 .text.warn_opendir
                0x0000000000011960       0x2c libbb/lib.a(xfuncs_printf.o)
                0x0000000000011960                warn_opendir
 .text.xopendir
                0x000000000001198c       0x24 libbb/lib.a(xfuncs_printf.o)
                0x000000000001198c                xopendir
 .text.xsocket  0x00000000000119b0       0x1c libbb/lib.a(xfuncs_printf.o)
                0x00000000000119b0                xsocket
 .text.xbind    0x00000000000119cc       0x1c libbb/lib.a(xfuncs_printf.o)
                0x00000000000119cc                xbind
 .text.xlisten  0x00000000000119e8       0x1c libbb/lib.a(xfuncs_printf.o)
                0x00000000000119e8                xlisten
 .text.xsendto  0x0000000000011a04       0x30 libbb/lib.a(xfuncs_printf.o)
                0x0000000000011a04                xsendto
 .text.xstat    0x0000000000011a34       0x24 libbb/lib.a(xfuncs_printf.o)
                0x0000000000011a34                xstat
 .text.xfstat   0x0000000000011a58       0x1c libbb/lib.a(xfuncs_printf.o)
                0x0000000000011a58                xfstat
 .text.ioctl_or_perror_and_die
                0x0000000000011a74       0x50 libbb/lib.a(xfuncs_printf.o)
                0x0000000000011a74                ioctl_or_perror_and_die
 .text.ioctl_or_perror
                0x0000000000011ac4       0x50 libbb/lib.a(xfuncs_printf.o)
                0x0000000000011ac4                ioctl_or_perror
 .text.bb_ioctl_or_warn
                0x0000000000011b14       0x24 libbb/lib.a(xfuncs_printf.o)
                0x0000000000011b14                bb_ioctl_or_warn
 .text.bb_xioctl
                0x0000000000011b38       0x1c libbb/lib.a(xfuncs_printf.o)
                0x0000000000011b38                bb_xioctl
 .text.xmalloc_ttyname
                0x0000000000011b54       0x40 libbb/lib.a(xfuncs_printf.o)
                0x0000000000011b54                xmalloc_ttyname
 .text.xfork    0x0000000000011b94       0x1c libbb/lib.a(xfuncs_printf.o)
                0x0000000000011b94                xfork
 .text.xmalloc_readlink
                0x0000000000011bb0       0x64 libbb/lib.a(xreadlink.o)
                0x0000000000011bb0                xmalloc_readlink
 .text.xmalloc_follow_symlinks
                0x0000000000011c14       0xc0 libbb/lib.a(xreadlink.o)
                0x0000000000011c14                xmalloc_follow_symlinks
 .text.xmalloc_readlink_or_warn
                0x0000000000011cd4       0x58 libbb/lib.a(xreadlink.o)
                0x0000000000011cd4                xmalloc_readlink_or_warn
 .text.xmalloc_realpath
                0x0000000000011d2c        0x8 libbb/lib.a(xreadlink.o)
                0x0000000000011d2c                xmalloc_realpath
 .text.bb_full_fd_action
                0x0000000000011d34      0x124 libbb/lib.a(copyfd.o)
 .text.bb_copyfd_size
                0x0000000000011e58       0x28 libbb/lib.a(copyfd.o)
                0x0000000000011e58                bb_copyfd_size
 .text.bb_copyfd_exact_size
                0x0000000000011e80       0x58 libbb/lib.a(copyfd.o)
                0x0000000000011e80                bb_copyfd_exact_size
 .text.bb_copyfd_eof
                0x0000000000011ed8        0xc libbb/lib.a(copyfd.o)
                0x0000000000011ed8                bb_copyfd_eof
 .text.full_write
                0x0000000000011ee4       0x58 libbb/lib.a(full_write.o)
                0x0000000000011ee4                full_write
 .text.safe_read
                0x0000000000011f3c       0x44 libbb/lib.a(read.o)
                0x0000000000011f3c                safe_read
 .text.full_read
                0x0000000000011f80       0x5c libbb/lib.a(read.o)
                0x0000000000011f80                full_read
 .text.read_close
                0x0000000000011fdc       0x20 libbb/lib.a(read.o)
                0x0000000000011fdc                read_close
 .text.open_read_close
                0x0000000000011ffc       0x2c libbb/lib.a(read.o)
                0x0000000000011ffc                open_read_close
 .text.safe_write
                0x0000000000012028       0x44 libbb/lib.a(safe_write.o)
                0x0000000000012028                safe_write
 .text.parse_datestr
                0x000000000001206c      0x3b0 libbb/lib.a(time.o)
                0x000000000001206c                parse_datestr
 .text.validate_tm_time
                0x000000000001241c       0x28 libbb/lib.a(time.o)
                0x000000000001241c                validate_tm_time
 .text.monotonic_us
                0x0000000000012444       0x30 libbb/lib.a(time.o)
                0x0000000000012444                monotonic_us
 .text.monotonic_ms
                0x0000000000012474       0x40 libbb/lib.a(time.o)
                0x0000000000012474                monotonic_ms
 .text.monotonic_sec
                0x00000000000124b4        0x8 libbb/lib.a(time.o)
                0x00000000000124b4                monotonic_sec
 .text.handle_errors.isra.0
                0x00000000000124bc       0x64 libbb/lib.a(bb_strtonum.o)
 .text.bb_strtoull
                0x0000000000012520       0x68 libbb/lib.a(bb_strtonum.o)
                0x0000000000012520                bb_strtoull
 .text.bb_strtoll
                0x0000000000012588       0x7c libbb/lib.a(bb_strtonum.o)
                0x0000000000012588                bb_strtoll
 .text.bb_strtoul
                0x0000000000012604       0x68 libbb/lib.a(bb_strtonum.o)
                0x0000000000012604                bb_strtoul
 .text.bb_strtol
                0x000000000001266c       0x78 libbb/lib.a(bb_strtonum.o)
                0x000000000001266c                bb_strtol
 .text.bb__pgsreader
                0x00000000000126e4      0x100 libpwdgrp/lib.a(pwd_grp.o)
 .text.getgrouplist_internal
                0x00000000000127e4       0xd4 libpwdgrp/lib.a(pwd_grp.o)
 .text.bb__parsegrent
                0x00000000000128b8      0x174 libpwdgrp/lib.a(pwd_grp.o)
 .text.bb__parsepwent
                0x0000000000012a2c       0x98 libpwdgrp/lib.a(pwd_grp.o)
 .text.bb__parsespent
                0x0000000000012ac4       0xa4 libpwdgrp/lib.a(pwd_grp.o)
 .text.get_S    0x0000000000012b68       0x2c libpwdgrp/lib.a(pwd_grp.o)
 .text.bb_internal_getpwnam_r
                0x0000000000012b94       0x9c libpwdgrp/lib.a(pwd_grp.o)
                0x0000000000012b94                bb_internal_getpwnam_r
 .text.bb_internal_getgrnam_r
                0x0000000000012c30       0x9c libpwdgrp/lib.a(pwd_grp.o)
                0x0000000000012c30                bb_internal_getgrnam_r
 .text.bb_internal_getspnam_r
                0x0000000000012ccc       0x9c libpwdgrp/lib.a(pwd_grp.o)
                0x0000000000012ccc                bb_internal_getspnam_r
 .text.bb_internal_getpwuid_r
                0x0000000000012d68       0x94 libpwdgrp/lib.a(pwd_grp.o)
                0x0000000000012d68                bb_internal_getpwuid_r
 .text.bb_internal_getgrgid_r
                0x0000000000012dfc       0x94 libpwdgrp/lib.a(pwd_grp.o)
                0x0000000000012dfc                bb_internal_getgrgid_r
 .text.bb_internal_getpwuid
                0x0000000000012e90       0x34 libpwdgrp/lib.a(pwd_grp.o)
                0x0000000000012e90                bb_internal_getpwuid
 .text.bb_internal_getgrgid
                0x0000000000012ec4       0x38 libpwdgrp/lib.a(pwd_grp.o)
                0x0000000000012ec4                bb_internal_getgrgid
 .text.bb_internal_getpwnam
                0x0000000000012efc       0x34 libpwdgrp/lib.a(pwd_grp.o)
                0x0000000000012efc                bb_internal_getpwnam
 .text.bb_internal_getgrnam
                0x0000000000012f30       0x38 libpwdgrp/lib.a(pwd_grp.o)
                0x0000000000012f30                bb_internal_getgrnam
 .text.bb_internal_getpwent_r
                0x0000000000012f68       0x90 libpwdgrp/lib.a(pwd_grp.o)
                0x0000000000012f68                bb_internal_getpwent_r
 .text.bb_internal_endgrent
                0x0000000000012ff8       0x28 libpwdgrp/lib.a(pwd_grp.o)
                0x0000000000012ff8                bb_internal_endgrent
 .text.bb_internal_initgroups
                0x0000000000013020       0x3c libpwdgrp/lib.a(pwd_grp.o)
                0x0000000000013020                bb_internal_initgroups
 .text.bb_internal_getgrouplist
                0x000000000001305c       0x60 libpwdgrp/lib.a(pwd_grp.o)
                0x000000000001305c                bb_internal_getgrouplist
 .text.get_uidgid
                0x00000000000130bc      0x130 libpwdgrp/lib.a(uidgid_get.o)
                0x00000000000130bc                get_uidgid
 .text.xget_uidgid
                0x00000000000131ec       0x28 libpwdgrp/lib.a(uidgid_get.o)
                0x00000000000131ec                xget_uidgid
 .text.parse_chown_usergroup_or_die
                0x0000000000013214       0x98 libpwdgrp/lib.a(uidgid_get.o)
                0x0000000000013214                parse_chown_usergroup_or_die
 .text.addgroup_main
                0x00000000000132ac      0x210 loginutils/lib.a(addgroup.o)
                0x00000000000132ac                addgroup_main
 .text.addgroup_wrapper
                0x00000000000134bc       0x7c loginutils/lib.a(adduser.o)
 .text.adduser_main
                0x0000000000013538      0x420 loginutils/lib.a(adduser.o)
                0x0000000000013538                adduser_main
 .text.chpasswd_main
                0x0000000000013958      0x1a4 loginutils/lib.a(chpasswd.o)
                0x0000000000013958                chpasswd_main
 .text.cryptpw_main
                0x0000000000013afc      0x134 loginutils/lib.a(cryptpw.o)
                0x0000000000013afc                cryptpw_main
 .text.deluser_main
                0x0000000000013c30      0x17c loginutils/lib.a(deluser.o)
                0x0000000000013c30                deluser_main
 .text.bcode    0x0000000000013dac       0x20 loginutils/lib.a(getty.o)
 .text.set_tty_attrs
                0x0000000000013dcc       0x2c loginutils/lib.a(getty.o)
 .text.finalize_tty_attrs
                0x0000000000013df8       0x88 loginutils/lib.a(getty.o)
 .text.alarm_handler
                0x0000000000013e80       0x10 loginutils/lib.a(getty.o)
 .text.getty_main
                0x0000000000013e90      0x7a4 loginutils/lib.a(getty.o)
                0x0000000000013e90                getty_main
 .text.alarm_handler
                0x0000000000014634       0x3c loginutils/lib.a(login.o)
 .text.login_main
                0x0000000000014670      0x570 loginutils/lib.a(login.o)
                0x0000000000014670                login_main
 .text.nuke_str
                0x0000000000014be0       0x24 loginutils/lib.a(passwd.o)
 .text.passwd_main
                0x0000000000014c04      0x484 loginutils/lib.a(passwd.o)
                0x0000000000014c04                passwd_main
 .text.su_main  0x0000000000015088      0x244 loginutils/lib.a(su.o)
                0x0000000000015088                su_main
 .text.sulogin_main
                0x00000000000152cc      0x238 loginutils/lib.a(sulogin.o)
                0x00000000000152cc                sulogin_main
 .text.acquire_vt
                0x0000000000015504       0x10 loginutils/lib.a(vlock.o)
 .text.release_vt
                0x0000000000015514       0x24 loginutils/lib.a(vlock.o)
 .text.vlock_main
                0x0000000000015538      0x1c4 loginutils/lib.a(vlock.o)
                0x0000000000015538                vlock_main
 .text.makemime_main
                0x00000000000156fc      0x1b4 mailutils/lib.a(makemime.o)
                0x00000000000156fc                makemime_main
 .text.pop3_checkr
                0x00000000000158b0       0xa0 mailutils/lib.a(popmaildir.o)
 .text.pop3_check
                0x0000000000015950        0x8 mailutils/lib.a(popmaildir.o)
 .text.popmaildir_main
                0x0000000000015958      0x3e8 mailutils/lib.a(popmaildir.o)
                0x0000000000015958                popmaildir_main
 .text.find_token
                0x0000000000015d40       0x50 mailutils/lib.a(reformime.o)
 .text.parse    0x0000000000015d90      0x494 mailutils/lib.a(reformime.o)
 .text.reformime_main
                0x0000000000016224       0xb0 mailutils/lib.a(reformime.o)
                0x0000000000016224                reformime_main
 .text.sane_address
                0x00000000000162d4       0x60 mailutils/lib.a(sendmail.o)
 .text.smtp_checkp
                0x0000000000016334       0xdc mailutils/lib.a(sendmail.o)
 .text.rcptto   0x0000000000016410       0x38 mailutils/lib.a(sendmail.o)
 .text.smtp_check
                0x0000000000016448        0xc mailutils/lib.a(sendmail.o)
 .text.send_r_n
                0x0000000000016454       0x44 mailutils/lib.a(sendmail.o)
 .text.sendmail_main
                0x0000000000016498      0x498 mailutils/lib.a(sendmail.o)
                0x0000000000016498                sendmail_main
 .text.kill_helper
                0x0000000000016930       0x30 mailutils/lib.a(mail.o)
 .text.signal_handler
                0x0000000000016960       0x8c mailutils/lib.a(mail.o)
 .text.launch_helper
                0x00000000000169ec       0xfc mailutils/lib.a(mail.o)
                0x00000000000169ec                launch_helper
 .text.send_mail_command
                0x0000000000016ae8       0x78 mailutils/lib.a(mail.o)
                0x0000000000016ae8                send_mail_command
 .text.encode_base64
                0x0000000000016b60      0x140 mailutils/lib.a(mail.o)
                0x0000000000016b60                encode_base64
 .text.get_cred_or_die
                0x0000000000016ca0       0xac mailutils/lib.a(mail.o)
                0x0000000000016ca0                get_cred_or_die
 .text.adjtimex_main
                0x0000000000016d4c      0x1ec miscutils/lib.a(adjtimex.o)
                0x0000000000016d4c                adjtimex_main
 .text.signal_handler
                0x0000000000016f38       0x14 miscutils/lib.a(chat.o)
 .text.unescape
                0x0000000000016f4c       0xd4 miscutils/lib.a(chat.o)
 .text.chat_main
                0x0000000000017020      0x5b0 miscutils/lib.a(chat.o)
                0x0000000000017020                chat_main
 .text.show_min_max
                0x00000000000175d0       0x50 miscutils/lib.a(chrt.o)
 .text.chrt_main
                0x0000000000017620      0x1bc miscutils/lib.a(chrt.o)
                0x0000000000017620                chrt_main
 .text.delete_cronfile
                0x00000000000177dc       0xb0 miscutils/lib.a(crond.o)
 .text.crondlog
                0x000000000001788c      0x10c miscutils/lib.a(crond.o)
 .text.ParseField
                0x0000000000017998      0x248 miscutils/lib.a(crond.o)
 .text.load_crontab
                0x0000000000017be0      0x350 miscutils/lib.a(crond.o)
 .text.rescan_crontab_dir
                0x0000000000017f30      0x110 miscutils/lib.a(crond.o)
 .text.fork_job
                0x0000000000018040      0x1c4 miscutils/lib.a(crond.o)
 .text.crond_main
                0x0000000000018204      0x7c4 miscutils/lib.a(crond.o)
                0x0000000000018204                crond_main
 .text.open_as_user
                0x00000000000189c8       0x74 miscutils/lib.a(crontab.o)
 .text.edit_file
                0x0000000000018a3c       0xa0 miscutils/lib.a(crontab.o)
 .text.crontab_main
                0x0000000000018adc      0x2b4 miscutils/lib.a(crontab.o)
                0x0000000000018adc                crontab_main
 .text.pop      0x0000000000018d90       0x9c miscutils/lib.a(dc.o)
 .text.push     0x0000000000018e2c       0xa8 miscutils/lib.a(dc.o)
 .text.eor      0x0000000000018ed4       0x44 miscutils/lib.a(dc.o)
 .text.not      0x0000000000018f18       0x28 miscutils/lib.a(dc.o)
 .text.or       0x0000000000018f40       0x44 miscutils/lib.a(dc.o)
 .text.and      0x0000000000018f84       0x44 miscutils/lib.a(dc.o)
 .text.mod      0x0000000000018fc8       0x58 miscutils/lib.a(dc.o)
 .text.divide   0x0000000000019020       0x24 miscutils/lib.a(dc.o)
 .text.mul      0x0000000000019044       0x24 miscutils/lib.a(dc.o)
 .text.sub      0x0000000000019068       0x24 miscutils/lib.a(dc.o)
 .text.add      0x000000000001908c       0x24 miscutils/lib.a(dc.o)
 .text.stack_machine
                0x00000000000190b0       0x84 miscutils/lib.a(dc.o)
 .text.set_output_base
                0x0000000000019134       0x74 miscutils/lib.a(dc.o)
 .text.print_base
                0x00000000000191a8      0x118 miscutils/lib.a(dc.o)
 .text.print_stack_no_pop
                0x00000000000192c0       0x88 miscutils/lib.a(dc.o)
 .text.print_no_pop
                0x0000000000019348       0x70 miscutils/lib.a(dc.o)
 .text.power    0x00000000000193b8       0x38 miscutils/lib.a(dc.o)
 .text.dc_main  0x00000000000193f0       0xbc miscutils/lib.a(dc.o)
                0x00000000000193f0                dc_main
 .text.devmem_main
                0x00000000000194ac      0x244 miscutils/lib.a(devmem.o)
                0x00000000000194ac                devmem_main
 .text.eject_main
                0x00000000000196f0      0x1a0 miscutils/lib.a(eject.o)
                0x00000000000196f0                eject_main
 .text.fb_pixel_value
                0x0000000000019890       0x7c miscutils/lib.a(fbsplash.o)
 .text.fb_write_pixel
                0x000000000001990c       0x4c miscutils/lib.a(fbsplash.o)
 .text.fb_drawfullrectangle
                0x0000000000019958       0x88 miscutils/lib.a(fbsplash.o)
 .text.fb_drawprogressbar
                0x00000000000199e0      0x200 miscutils/lib.a(fbsplash.o)
 .text.fb_setpal
                0x0000000000019be0       0x9c miscutils/lib.a(fbsplash.o)
 .text.fbsplash_main
                0x0000000000019c7c      0x498 miscutils/lib.a(fbsplash.o)
                0x0000000000019c7c                fbsplash_main
 .text.parse_opts
                0x000000000001a114       0x34 miscutils/lib.a(hdparm.o)
 .text.parse_opts_0_1
                0x000000000001a148        0xc miscutils/lib.a(hdparm.o)
 .text.parse_opts_0_max
                0x000000000001a154        0xc miscutils/lib.a(hdparm.o)
 .text.parse_opts_0_INTMAX
                0x000000000001a160        0xc miscutils/lib.a(hdparm.o)
 .text.parse_xfermode
                0x000000000001a16c       0xbc miscutils/lib.a(hdparm.o)
 .text.read_big_block
                0x000000000001a228       0x38 miscutils/lib.a(hdparm.o)
 .text.xprint_ascii
                0x000000000001a260       0x90 miscutils/lib.a(hdparm.o)
 .text.mode_loop
                0x000000000001a2f0       0x88 miscutils/lib.a(hdparm.o)
 .text.print_flag
                0x000000000001a378       0x14 miscutils/lib.a(hdparm.o)
 .text.on_off   0x000000000001a38c       0x20 miscutils/lib.a(hdparm.o)
 .text.print_flag_on_off
                0x000000000001a3ac       0x28 miscutils/lib.a(hdparm.o)
 .text.print_value_on_off
                0x000000000001a3d4       0x30 miscutils/lib.a(hdparm.o)
 .text.identify
                0x000000000001a404     0x1260 miscutils/lib.a(hdparm.o)
 .text.identify_from_stdin
                0x000000000001b664       0xa0 miscutils/lib.a(hdparm.o)
 .text.dump_identity
                0x000000000001b704      0x4b4 miscutils/lib.a(hdparm.o)
 .text.seek_to_zero
                0x000000000001bbb8       0x20 miscutils/lib.a(hdparm.o)
 .text.flush_buffer_cache
                0x000000000001bbd8       0x6c miscutils/lib.a(hdparm.o)
 .text.do_time  0x000000000001bc44      0x1f8 miscutils/lib.a(hdparm.o)
 .text.ioctl_alt_func.constprop.0
                0x000000000001be3c       0x44 miscutils/lib.a(hdparm.o)
 .text.bus_state_value
                0x000000000001be80       0x44 miscutils/lib.a(hdparm.o)
 .text.process_dev
                0x000000000001bec4     0x1640 miscutils/lib.a(hdparm.o)
 .text.hdparm_main
                0x000000000001d504      0x934 miscutils/lib.a(hdparm.o)
                0x000000000001d504                hdparm_main
 .text.ionice_main
                0x000000000001de38      0x168 miscutils/lib.a(ionice.o)
                0x000000000001de38                ionice_main
 .text.show_entry
                0x000000000001dfa0      0x18c miscutils/lib.a(last_fancy.o)
 .text.last_main
                0x000000000001e12c      0x38c miscutils/lib.a(last_fancy.o)
                0x000000000001e12c                last_main
 .text.opp_bracket
                0x000000000001e4b8       0x60 miscutils/lib.a(less.o)
 .text.sigwinch_handler
                0x000000000001e518       0x1c miscutils/lib.a(less.o)
 .text.clear_line
                0x000000000001e534       0x20 miscutils/lib.a(less.o)
 .text.print_statusline
                0x000000000001e554       0x34 miscutils/lib.a(less.o)
 .text.move_cursor
                0x000000000001e588       0x18 miscutils/lib.a(less.o)
 .text.print_hilite
                0x000000000001e5a0       0x10 miscutils/lib.a(less.o)
 .text.m_status_print
                0x000000000001e5b0       0xfc miscutils/lib.a(less.o)
 .text.fill_match_lines
                0x000000000001e6ac       0xac miscutils/lib.a(less.o)
 .text.read_lines
                0x000000000001e758      0x3b8 miscutils/lib.a(less.o)
 .text.re_wrap  0x000000000001eb10      0x1cc miscutils/lib.a(less.o)
 .text.lineno_str
                0x000000000001ecdc       0x9c miscutils/lib.a(less.o)
 .text.status_print
                0x000000000001ed78       0xa4 miscutils/lib.a(less.o)
 .text.buffer_print
                0x000000000001ee1c      0x314 miscutils/lib.a(less.o)
 .text.buffer_fill_and_print
                0x000000000001f130      0x100 miscutils/lib.a(less.o)
 .text.reinitialize
                0x000000000001f230       0xd8 miscutils/lib.a(less.o)
 .text.change_file
                0x000000000001f308       0x90 miscutils/lib.a(less.o)
 .text.buffer_down
                0x000000000001f398       0x84 miscutils/lib.a(less.o)
 .text.buffer_up
                0x000000000001f41c       0x34 miscutils/lib.a(less.o)
 .text.buffer_line
                0x000000000001f450       0x44 miscutils/lib.a(less.o)
 .text.goto_match
                0x000000000001f494       0x7c miscutils/lib.a(less.o)
 .text.set_tty_cooked
                0x000000000001f510       0x28 miscutils/lib.a(less.o)
 .text.less_exit
                0x000000000001f538       0x28 miscutils/lib.a(less.o)
 .text.getch_nowait
                0x000000000001f560      0x184 miscutils/lib.a(less.o)
 .text.less_getch
                0x000000000001f6e4       0x48 miscutils/lib.a(less.o)
 .text.less_gets
                0x000000000001f72c       0xd0 miscutils/lib.a(less.o)
 .text.sig_catcher
                0x000000000001f7fc        0xc miscutils/lib.a(less.o)
 .text.examine_file
                0x000000000001f808       0x8c miscutils/lib.a(less.o)
 .text.regex_process
                0x000000000001f894      0x138 miscutils/lib.a(less.o)
 .text.less_main
                0x000000000001f9cc      0xbe8 miscutils/lib.a(less.o)
                0x000000000001f9cc                less_main
 .text.makedevs_main
                0x00000000000205b4      0x41c miscutils/lib.a(makedevs.o)
                0x00000000000205b4                makedevs_main
 .text.run_pipe
                0x00000000000209d0      0x1ac miscutils/lib.a(man.o)
 .text.show_manpage
                0x0000000000020b7c       0xf0 miscutils/lib.a(man.o)
 .text.man_main
                0x0000000000020c6c      0x3ac miscutils/lib.a(man.o)
                0x0000000000020c6c                man_main
 .text.xget1    0x0000000000021018       0x44 miscutils/lib.a(microcom.o)
 .text.xset1    0x000000000002105c       0x38 miscutils/lib.a(microcom.o)
 .text.microcom_main
                0x0000000000021094      0x308 miscutils/lib.a(microcom.o)
                0x0000000000021094                microcom_main
 .text.mountpoint_main
                0x000000000002139c      0x220 miscutils/lib.a(mountpoint.o)
                0x000000000002139c                mountpoint_main
 .text.mt_main  0x00000000000215bc      0x140 miscutils/lib.a(mt.o)
                0x00000000000215bc                mt_main
 .text.raidautorun_main
                0x00000000000216fc       0x30 miscutils/lib.a(raidautorun.o)
                0x00000000000216fc                raidautorun_main
 .text.readahead_main
                0x000000000002172c       0xa4 miscutils/lib.a(readahead.o)
                0x000000000002172c                readahead_main
 .text.runlevel_main
                0x00000000000217d0       0x98 miscutils/lib.a(runlevel.o)
                0x00000000000217d0                runlevel_main
 .text.sigalrm_handler
                0x0000000000021868        0x4 miscutils/lib.a(rx.o)
 .text.read_byte
                0x000000000002186c       0x34 miscutils/lib.a(rx.o)
 .text.rx_main  0x00000000000218a0      0x3fc miscutils/lib.a(rx.o)
                0x00000000000218a0                rx_main
 .text.serial_open
                0x0000000000021c9c       0x34 miscutils/lib.a(setserial.o)
 .text.index_in_strings_case_insensitive
                0x0000000000021cd0       0x54 miscutils/lib.a(setserial.o)
 .text.get_numeric
                0x0000000000021d24        0xc miscutils/lib.a(setserial.o)
 .text.serial_ctl
                0x0000000000021d30       0xb4 miscutils/lib.a(setserial.o)
 .text.print_flag
                0x0000000000021de4       0x2c miscutils/lib.a(setserial.o)
 .text.setserial_main
                0x0000000000021e10      0x5b4 miscutils/lib.a(setserial.o)
                0x0000000000021e10                setserial_main
 .text.setsid_main
                0x00000000000223c4       0x44 miscutils/lib.a(setsid.o)
                0x00000000000223c4                setsid_main
 .text.strings_main
                0x0000000000022408      0x1d4 miscutils/lib.a(strings.o)
                0x0000000000022408                strings_main
 .text.ptok     0x00000000000225dc       0x30 miscutils/lib.a(time.o)
 .text.run_command
                0x000000000002260c       0xe4 miscutils/lib.a(time.o)
 .text.time_main
                0x00000000000226f0      0x62c miscutils/lib.a(time.o)
                0x00000000000226f0                time_main
 .text.timeout_main
                0x0000000000022d1c      0x168 miscutils/lib.a(timeout.o)
                0x0000000000022d1c                timeout_main
 .text.ttysize_main
                0x0000000000022e84       0xa0 miscutils/lib.a(ttysize.o)
                0x0000000000022e84                ttysize_main
 .text.watchdog_shutdown
                0x0000000000022f24       0x40 miscutils/lib.a(watchdog.o)
 .text.watchdog_main
                0x0000000000022f64      0x144 miscutils/lib.a(watchdog.o)
                0x0000000000022f64                watchdog_main
 .text.order_dep_list
                0x00000000000230a8       0x94 modutils/lib.a(depmod.o)
 .text.xfreopen_write
                0x000000000002313c       0x30 modutils/lib.a(depmod.o)
 .text.parse_module
                0x000000000002316c      0x1b0 modutils/lib.a(depmod.o)
 .text.depmod_main
                0x000000000002331c      0x2b4 modutils/lib.a(depmod.o)
                0x000000000002331c                depmod_main
 .text.insmod_main
                0x00000000000235d0       0x54 modutils/lib.a(insmod.o)
                0x00000000000235d0                insmod_main
 .text.lsmod_main
                0x0000000000023624       0x80 modutils/lib.a(lsmod.o)
                0x0000000000023624                lsmod_main
 .text.display  0x00000000000236a4       0x68 modutils/lib.a(modinfo.o)
 .text.modinfo  0x000000000002370c      0x194 modutils/lib.a(modinfo.o)
 .text.modinfo_main
                0x00000000000238a0      0x178 modutils/lib.a(modinfo.o)
                0x00000000000238a0                modinfo_main
 .text.read_config
                0x0000000000023a18       0x28 modutils/lib.a(modprobe.o)
 .text.helper_get_module
                0x0000000000023a40       0xb8 modutils/lib.a(modprobe.o)
 .text.add_probe
                0x0000000000023af8       0x8c modutils/lib.a(modprobe.o)
 .text.gather_options_str
                0x0000000000023b84       0x64 modutils/lib.a(modprobe.o)
 .text.config_file_action
                0x0000000000023be8      0x1e8 modutils/lib.a(modprobe.o)
 .text.load_modules_dep
                0x0000000000023dd0      0x118 modutils/lib.a(modprobe.o)
 .text.do_modprobe
                0x0000000000023ee8      0x2d0 modutils/lib.a(modprobe.o)
 .text.modprobe_main
                0x00000000000241b8      0x358 modutils/lib.a(modprobe.o)
                0x00000000000241b8                modprobe_main
 .text.replace  0x0000000000024510       0x1c modutils/lib.a(modutils.o)
                0x0000000000024510                replace
 .text.string_to_llist
                0x000000000002452c       0x60 modutils/lib.a(modutils.o)
                0x000000000002452c                string_to_llist
 .text.filename2modname
                0x000000000002458c       0x78 modutils/lib.a(modutils.o)
                0x000000000002458c                filename2modname
 .text.parse_cmdline_module_options
                0x0000000000024604       0xc0 modutils/lib.a(modutils.o)
                0x0000000000024604                parse_cmdline_module_options
 .text.bb_init_module
                0x00000000000246c4       0x7c modutils/lib.a(modutils.o)
                0x00000000000246c4                bb_init_module
 .text.bb_delete_module
                0x0000000000024740       0x34 modutils/lib.a(modutils.o)
                0x0000000000024740                bb_delete_module
 .text.moderror
                0x0000000000024774       0x7c modutils/lib.a(modutils.o)
                0x0000000000024774                moderror
 .text.rmmod_main
                0x00000000000247f0       0xf0 modutils/lib.a(rmmod.o)
                0x00000000000247f0                rmmod_main
 .text.arp_show
                0x00000000000248e0      0x3c4 networking/lib.a(arp.o)
 .text.arp_main
                0x0000000000024ca4      0x874 networking/lib.a(arp.o)
                0x0000000000024ca4                arp_main
 .text.finish   0x0000000000025518      0x148 networking/lib.a(arping.o)
 .text.catcher  0x0000000000025660      0x2e0 networking/lib.a(arping.o)
 .text.arping_main
                0x0000000000025940      0xa88 networking/lib.a(arping.o)
                0x0000000000025940                arping_main
 .text.undot    0x00000000000263c8       0x3c networking/lib.a(dnsd.o)
 .text.dnsd_main
                0x0000000000026404      0x654 networking/lib.a(dnsd.o)
                0x0000000000026404                dnsd_main
 .text.ether_wake_main
                0x0000000000026a58      0x2e8 networking/lib.a(ether-wake.o)
                0x0000000000026a58                ether_wake_main
 .text.replace_char
                0x0000000000026d40       0x2c networking/lib.a(ftpd.o)
 .text.verbose_log
                0x0000000000026d6c       0x2c networking/lib.a(ftpd.o)
 .text.cmdio_write_ok
                0x0000000000026d98       0x50 networking/lib.a(ftpd.o)
 .text.cmdio_write_error
                0x0000000000026de8       0x4c networking/lib.a(ftpd.o)
 .text.escape_text
                0x0000000000026e34       0x9c networking/lib.a(ftpd.o)
 .text.cmdio_write
                0x0000000000026ed0       0x84 networking/lib.a(ftpd.o)
 .text.handle_cwd
                0x0000000000026f54       0x58 networking/lib.a(ftpd.o)
 .text.cmdio_write_raw
                0x0000000000026fac       0x4c networking/lib.a(ftpd.o)
 .text.port_or_pasv_was_seen
                0x0000000000026ff8       0x6c networking/lib.a(ftpd.o)
 .text.port_pasv_cleanup
                0x0000000000027064       0x80 networking/lib.a(ftpd.o)
 .text.get_remote_transfer_fd
                0x00000000000270e4       0xc0 networking/lib.a(ftpd.o)
 .text.handle_dir_common
                0x00000000000271a4      0x1cc networking/lib.a(ftpd.o)
 .text.bind_for_passive_mode
                0x0000000000027370      0x11c networking/lib.a(ftpd.o)
 .text.timeout_handler
                0x000000000002748c      0x138 networking/lib.a(ftpd.o)
 .text.handle_upload_common
                0x00000000000275c4      0x21c networking/lib.a(ftpd.o)
 .text.ftpd_main
                0x00000000000277e0      0xec8 networking/lib.a(ftpd.o)
                0x00000000000277e0                ftpd_main
 .text.ftp_die  0x00000000000286a8       0x54 networking/lib.a(ftpgetput.o)
 .text.ftpcmd   0x00000000000286fc      0x138 networking/lib.a(ftpgetput.o)
 .text.xconnect_ftpdata
                0x0000000000028834       0xe0 networking/lib.a(ftpgetput.o)
 .text.pump_data_and_QUIT
                0x0000000000028914       0x70 networking/lib.a(ftpgetput.o)
 .text.ftp_receive
                0x0000000000028984      0x1d8 networking/lib.a(ftpgetput.o)
 .text.ftp_send
                0x0000000000028b5c       0x7c networking/lib.a(ftpgetput.o)
 .text.ftpgetput_main
                0x0000000000028bd8      0x290 networking/lib.a(ftpgetput.o)
                0x0000000000028bd8                ftpgetput_main
 .text.do_sethostname
                0x0000000000028e68       0x84 networking/lib.a(hostname.o)
 .text.hostname_main
                0x0000000000028eec      0x14c networking/lib.a(hostname.o)
                0x0000000000028eec                hostname_main
 .text.scan_ip  0x0000000000029038       0xd8 networking/lib.a(httpd.o)
 .text.checkPermIP
                0x0000000000029110       0x5c networking/lib.a(httpd.o)
 .text.free_llist
                0x000000000002916c       0x2c networking/lib.a(httpd.o)
 .text.parse_conf
                0x0000000000029198      0x5e8 networking/lib.a(httpd.o)
 .text.sighup_handler
                0x0000000000029780       0x10 networking/lib.a(httpd.o)
 .text.get_line
                0x0000000000029790       0xa4 networking/lib.a(httpd.o)
 .text.check_user_passwd
                0x0000000000029834      0x21c networking/lib.a(httpd.o)
 .text.log_and_exit
                0x0000000000029a50       0x44 networking/lib.a(httpd.o)
 .text.cgi_io_loop_and_exit
                0x0000000000029a94      0x25c networking/lib.a(httpd.o)
 .text.setenv1  0x0000000000029cf0       0x18 networking/lib.a(httpd.o)
 .text.send_file_and_exit
                0x0000000000029d08      0x378 networking/lib.a(httpd.o)
 .text.send_headers
                0x000000000002a080      0x320 networking/lib.a(httpd.o)
 .text.send_headers_and_exit
                0x000000000002a3a0       0x20 networking/lib.a(httpd.o)
 .text.send_cgi_and_exit
                0x000000000002a3c0      0x42c networking/lib.a(httpd.o)
 .text.send_REQUEST_TIMEOUT_and_exit
                0x000000000002a7ec        0xc networking/lib.a(httpd.o)
 .text.handle_incoming_and_exit
                0x000000000002a7f8      0xb68 networking/lib.a(httpd.o)
 .text.httpd_main
                0x000000000002b360      0x3ac networking/lib.a(httpd.o)
                0x000000000002b360                httpd_main
 .text.ifconfig_main
                0x000000000002b70c      0x594 networking/lib.a(ifconfig.o)
                0x000000000002b70c                ifconfig_main
 .text.ioctl_on_skfd
                0x000000000002bca0       0x14 networking/lib.a(ifenslave.o)
 .text.set_ifrname_and_do_ioctl
                0x000000000002bcb4       0x28 networking/lib.a(ifenslave.o)
 .text.get_slave_flags
                0x000000000002bcdc       0x1c networking/lib.a(ifenslave.o)
 .text.set_if_flags
                0x000000000002bcf8       0x24 networking/lib.a(ifenslave.o)
 .text.set_if_down
                0x000000000002bd1c       0x30 networking/lib.a(ifenslave.o)
 .text.set_if_up
                0x000000000002bd4c       0x30 networking/lib.a(ifenslave.o)
 .text.set_mtu  0x000000000002bd7c       0x24 networking/lib.a(ifenslave.o)
 .text.get_if_settings
                0x000000000002bda0       0x48 networking/lib.a(ifenslave.o)
 .text.get_drv_info
                0x000000000002bde8       0xdc networking/lib.a(ifenslave.o)
 .text.set_hwaddr
                0x000000000002bec4       0x30 networking/lib.a(ifenslave.o)
 .text.enslave  0x000000000002bef4      0x2a8 networking/lib.a(ifenslave.o)
 .text.ifenslave_main
                0x000000000002c19c      0x2f0 networking/lib.a(ifenslave.o)
                0x000000000002c19c                ifenslave_main
 .text.manual_up_down6
                0x000000000002c48c        0x8 networking/lib.a(ifupdown.o)
 .text.manual_up_down
                0x000000000002c494        0x8 networking/lib.a(ifupdown.o)
 .text.check    0x000000000002c49c        0xc networking/lib.a(ifupdown.o)
 .text.strncmpz
                0x000000000002c4a8       0x20 networking/lib.a(ifupdown.o)
 .text.get_var  0x000000000002c4c8       0x94 networking/lib.a(ifupdown.o)
 .text.find_iface_state
                0x000000000002c55c       0x58 networking/lib.a(ifupdown.o)
 .text.addstr   0x000000000002c5b4       0x5c networking/lib.a(ifupdown.o)
 .text.execute  0x000000000002c610      0x2b4 networking/lib.a(ifupdown.o)
 .text.loopback_down6
                0x000000000002c8c4       0x18 networking/lib.a(ifupdown.o)
 .text.loopback_up6
                0x000000000002c8dc       0x4c networking/lib.a(ifupdown.o)
 .text.static_down6
                0x000000000002c928       0x18 networking/lib.a(ifupdown.o)
 .text.static_up6
                0x000000000002c940       0x64 networking/lib.a(ifupdown.o)
 .text.v4tunnel_down
                0x000000000002c9a4       0x18 networking/lib.a(ifupdown.o)
 .text.v4tunnel_up
                0x000000000002c9bc       0x7c networking/lib.a(ifupdown.o)
 .text.loopback_down
                0x000000000002ca38       0x4c networking/lib.a(ifupdown.o)
 .text.loopback_up
                0x000000000002ca84       0x4c networking/lib.a(ifupdown.o)
 .text.dhcp_up  0x000000000002cad0       0x40 networking/lib.a(ifupdown.o)
 .text.bootp_up
                0x000000000002cb10       0x18 networking/lib.a(ifupdown.o)
 .text.static_down
                0x000000000002cb28       0x4c networking/lib.a(ifupdown.o)
 .text.static_up
                0x000000000002cb74       0x64 networking/lib.a(ifupdown.o)
 .text.ppp_down
                0x000000000002cbd8       0x18 networking/lib.a(ifupdown.o)
 .text.ppp_up   0x000000000002cbf0       0x18 networking/lib.a(ifupdown.o)
 .text.wvdial_down
                0x000000000002cc08       0x18 networking/lib.a(ifupdown.o)
 .text.wvdial_up
                0x000000000002cc20       0x18 networking/lib.a(ifupdown.o)
 .text.dhcp_down
                0x000000000002cc38       0x50 networking/lib.a(ifupdown.o)
 .text.next_word
                0x000000000002cc88       0x5c networking/lib.a(ifupdown.o)
 .text.popen2   0x000000000002cce4       0xb8 networking/lib.a(ifupdown.o)
 .text.read_iface_state
                0x000000000002cd9c       0x68 networking/lib.a(ifupdown.o)
 .text.setlocalenv
                0x000000000002ce04       0x84 networking/lib.a(ifupdown.o)
 .text.set_environ
                0x000000000002ce88      0x1c0 networking/lib.a(ifupdown.o)
 .text.doit     0x000000000002d048       0xe0 networking/lib.a(ifupdown.o)
 .text.execute_all
                0x000000000002d128       0x70 networking/lib.a(ifupdown.o)
 .text.iface_up
                0x000000000002d198       0xb0 networking/lib.a(ifupdown.o)
 .text.iface_down
                0x000000000002d248       0xb0 networking/lib.a(ifupdown.o)
 .text.ifupdown_main
                0x000000000002d2f8      0xa04 networking/lib.a(ifupdown.o)
                0x000000000002d2f8                ifupdown_main
 .text.remove_fd_from_set
                0x000000000002dcfc       0x74 networking/lib.a(inetd.o)
 .text.init_ring
                0x000000000002dd70       0x78 networking/lib.a(inetd.o)
 .text.discard_dg
                0x000000000002dde8       0x14 networking/lib.a(inetd.o)
 .text.maybe_close
                0x000000000002ddfc        0xc networking/lib.a(inetd.o)
 .text.free_servtab_strings
                0x000000000002de08       0x5c networking/lib.a(inetd.o)
 .text.bump_nofile
                0x000000000002de64      0x11c networking/lib.a(inetd.o)
 .text.add_fd_to_set
                0x000000000002df80      0x114 networking/lib.a(inetd.o)
 .text.block_CHLD_HUP_ALRM
                0x000000000002e094       0x44 networking/lib.a(inetd.o)
 .text.restore_sigmask
                0x000000000002e0d8       0x10 networking/lib.a(inetd.o)
 .text.rearm_alarm
                0x000000000002e0e8       0x44 networking/lib.a(inetd.o)
 .text.xzalloc_lsa
                0x000000000002e12c       0x38 networking/lib.a(inetd.o)
 .text.new_servtab
                0x000000000002e164       0x18 networking/lib.a(inetd.o)
 .text.unregister_rpc
                0x000000000002e17c       0x4c networking/lib.a(inetd.o)
 .text.clean_up_and_exit
                0x000000000002e1c8       0xa4 networking/lib.a(inetd.o)
 .text.reap_child
                0x000000000002e26c       0xcc networking/lib.a(inetd.o)
 .text.daytime_dg
                0x000000000002e338       0xac networking/lib.a(inetd.o)
 .text.daytime_stream
                0x000000000002e3e4       0x38 networking/lib.a(inetd.o)
 .text.machtime
                0x000000000002e41c       0x28 networking/lib.a(inetd.o)
 .text.machtime_dg
                0x000000000002e444       0x80 networking/lib.a(inetd.o)
 .text.machtime_stream
                0x000000000002e4c4       0x24 networking/lib.a(inetd.o)
 .text.chargen_dg
                0x000000000002e4e8      0x194 networking/lib.a(inetd.o)
 .text.chargen_stream
                0x000000000002e67c       0xc8 networking/lib.a(inetd.o)
 .text.discard_stream
                0x000000000002e744       0x28 networking/lib.a(inetd.o)
 .text.echo_stream
                0x000000000002e76c       0x34 networking/lib.a(inetd.o)